warning: unused config key `resolver.incompatible-rust-versions` in `/home/user/sniper-suite/programs/staking-suite/.cargo/config.toml`
    Updating crates.io index
 Downloading crates ...
  Downloaded borsh-schema-derive-internal v0.10.4
  Downloaded bs58 v0.5.1
  Downloaded borsh-derive v0.10.4
  Downloaded assert_matches v1.5.0
  Downloaded aead v0.5.2
  Downloaded block-buffer v0.9.0
  Downloaded autocfg v1.5.1
  Downloaded aes-gcm-siv v0.11.1
  Downloaded block-buffer v0.10.4
  Downloaded inout v0.1.4
  Downloaded cipher v0.4.4
  Downloaded borsh-derive-internal v0.10.4
  Downloaded itoa v1.0.18
  Downloaded borsh v0.10.4
  Downloaded base64 v0.22.1
  Downloaded rand_chacha v0.2.2
  Downloaded rand_core v0.6.4
  Downloaded quote v1.0.47
  Downloaded num_enum_derive v0.7.6
  Downloaded solana-seed-phrase v2.2.1
  Downloaded spl-discriminator v0.3.0
  Downloaded rand v0.8.8
  Downloaded rand v0.7.3
  Downloaded toml_datetime v0.6.11
  Downloaded curve25519-dalek v4.1.3
  Downloaded solana-system-interface v1.0.0
  Downloaded solana-feature-gate-interface v2.2.2
  Downloaded libc v0.2.189
  Downloaded spl-token-metadata-interface v0.4.0
  Downloaded solana-native-token v2.3.0
  Downloaded memoffset v0.9.1
  Downloaded solana-clock v2.2.3
  Downloaded solana-account v2.2.1
  Downloaded signature v1.6.4
  Downloaded serde_bytes v0.11.19
  Downloaded spl-type-length-value v0.5.0
  Downloaded solana-program-option v2.2.1
  Downloaded solana-blake3-hasher v2.2.1
  Downloaded solana-big-mod-exp v2.2.1
  Downloaded log v0.4.34
  Downloaded solana-hash v2.3.0
  Downloaded solana-sanitize v2.2.1
  Downloaded solana-sdk-ids v2.2.1
  Downloaded spl-token v6.0.0
  Downloaded solana-program-pack v2.2.1
  Downloaded solana-keccak-hasher v2.2.1
  Downloaded shlex v2.0.1
  Downloaded serde_derive v1.0.229
  Downloaded serde_json v1.0.151
  Downloaded spl-token-2022 v4.0.1
  Downloaded memchr v2.8.3
  Downloaded syn v3.0.5
  Downloaded syn v2.0.119
  Downloaded lazy_static v1.5.0
  Downloaded sha3 v0.10.9
  Downloaded polyval v0.6.2
  Downloaded curve25519-dalek v3.2.0
  Downloaded equivalent v1.0.2
  Downloaded solana-sdk-macro v2.2.1
  Downloaded typenum v1.20.1
  Downloaded tinyvec v1.13.3
  Downloaded toml_edit v0.22.27
  Downloaded thiserror v1.0.69
  Downloaded solana-zk-token-sdk v2.2.20
  Downloaded solana-instruction v2.3.3
  Downloaded solana-epoch-rewards v2.2.1
  Downloaded solana-program-error v2.2.2
  Downloaded solana-program-entrypoint v2.3.0
  Downloaded solana-nonce v2.2.1
  Downloaded solana-instructions-sysvar v2.2.2
  Downloaded solana-borsh v2.2.1
  Downloaded solana-account-info v2.3.0
  Downloaded serde_core v1.0.229
  Downloaded serde v1.0.229
  Downloaded unicode-ident v1.0.24
  Downloaded toml v0.5.11
  Downloaded subtle v2.6.1
  Downloaded solana-vote-interface v2.2.6
  Downloaded solana-sysvar-id v2.2.1
  Downloaded solana-rent v2.2.1
  Downloaded solana-pubkey v2.4.0
  Downloaded solana-program-memory v2.3.1
  Downloaded solana-program v2.3.0
  Downloaded solana-msg v2.2.1
  Downloaded solana-last-restart-slot v2.2.1
  Downloaded solana-derivation-path v2.2.1
  Downloaded solana-define-syscall v2.3.0
  Downloaded solana-decode-error v2.3.0
  Downloaded solana-curve25519 v2.2.20
  Downloaded solana-cpi v2.2.1
  Downloaded solana-bincode v2.2.1
  Downloaded zmij v1.0.23
  Downloaded thiserror v2.0.20
  Downloaded spl-transfer-hook-interface v0.7.0
  Downloaded spl-program-error-derive v0.4.1
  Downloaded solana-stake-interface v1.2.1
  Downloaded solana-fee-calculator v2.2.1
  Downloaded sha2 v0.10.9
  Downloaded sha2 v0.9.9
  Downloaded semver v1.0.28
  Downloaded spl-program-error v0.5.0
  Downloaded spl-discriminator-syn v0.2.1
  Downloaded solana-stable-layout v2.2.1
  Downloaded solana-slot-hashes v2.2.1
  Downloaded serde-big-array v0.5.1
  Downloaded rustversion v1.0.23
  Downloaded zeroize_derive v1.4.3
  Downloaded universal-hash v0.5.1
  Downloaded thiserror-impl v2.0.20
  Downloaded thiserror-impl v1.0.69
  Downloaded syn v1.0.109
  Downloaded spl-tlv-account-resolution v0.7.0
  Downloaded spl-memo v5.0.0
  Downloaded spl-discriminator-derive v0.2.0
  Downloaded spl-associated-token-account v4.0.0
  Downloaded solana-sysvar v2.3.0
  Downloaded solana-signature v2.3.0
  Downloaded solana-short-vec v2.2.1
  Downloaded proc-macro-crate v3.2.0
  Downloaded libsecp256k1-gen-genmult v0.2.1
  Downloaded find-msvc-tools v0.1.12
  Downloaded ed25519-dalek v1.0.1
  Downloaded digest v0.9.0
  Downloaded spl-token-group-interface v0.3.0
  Downloaded solana-sha256-hasher v2.3.0
  Downloaded solana-serde-varint v2.2.2
  Downloaded solana-slot-history v2.2.1
  Downloaded solana-signer v2.2.1
  Downloaded solana-serialize-utils v2.2.1
  Downloaded solana-secp256k1-recover v2.2.1
  Downloaded solana-message v2.4.0
  Downloaded solana-epoch-schedule v2.2.1
  Downloaded winnow v0.7.15
  Downloaded crypto-common v0.1.7
  Downloaded solana-loader-v4-interface v2.2.1
  Downloaded solana-loader-v3-interface v5.0.0
  Downloaded solana-loader-v2-interface v2.2.1
  Downloaded solana-example-mocks v2.2.1
  Downloaded solana-address-lookup-table-interface v2.2.2
  Downloaded uriparse v0.6.4
  Downloaded spl-pod v0.3.1
  Downloaded solana-transaction-error v2.2.1
  Downloaded zerocopy v0.8.57
  Downloaded hashbrown v0.15.5
  Downloaded proc-macro2 v1.0.107
  Downloaded cc v1.4.6
  Downloaded blake3 v1.5.5
  Downloaded itertools v0.12.1
  Downloaded hashbrown v0.13.2
  Downloaded zeroize v1.8.2
  Downloaded rustc_version v0.4.1
  Downloaded num-bigint v0.4.8
  Downloaded indexmap v2.9.0
  Downloaded ctr v0.9.2
  Downloaded byteorder v1.5.0
  Downloaded bytemuck_derive v1.8.1
  Downloaded bytemuck v1.23.1
  Downloaded aes v0.8.4
  Downloaded solana-seed-derivable v2.2.1
  Downloaded solana-security-txt v1.1.3
  Downloaded solana-atomic-u64 v2.2.1
  Downloaded version_check v0.9.5
  Downloaded toml_write v0.1.2
  Downloaded rand_core v0.5.1
  Downloaded ppv-lite86 v0.2.21
  Downloaded once_cell v1.21.4
  Downloaded num_enum v0.7.6
  Downloaded num-traits v0.2.19
  Downloaded num-integer v0.1.47
  Downloaded num-derive v0.4.2
  Downloaded libsecp256k1-core v0.2.2
  Downloaded hmac v0.12.1
  Downloaded getrandom v0.3.4
  Downloaded either v1.18.0
  Downloaded bv v0.11.1
  Downloaded borsh v1.5.7
  Downloaded crypto-mac v0.8.0
  Downloaded libsecp256k1 v0.6.0
  Downloaded five8 v0.2.1
  Downloaded base64 v0.12.3
  Downloaded rand_chacha v0.3.1
  Downloaded qstring v0.7.2
  Downloaded proc-macro-crate v0.1.5
  Downloaded percent-encoding v2.3.2
  Downloaded merlin v3.0.0
  Downloaded keccak v0.1.6
  Downloaded getrandom v0.2.17
  Downloaded getrandom v0.1.16
  Downloaded generic-array v0.14.7
  Downloaded fnv v1.0.7
  Downloaded five8_core v0.1.2
  Downloaded five8_const v0.1.4
  Downloaded feature-probe v0.1.1
  Downloaded ed25519 v1.5.3
  Downloaded digest v0.10.7
  Downloaded derivation-path v0.2.0
  Downloaded curve25519-dalek-derive v0.1.1
  Downloaded crunchy v0.2.4
  Downloaded cpufeatures v0.2.17
  Downloaded cfg_aliases v0.2.2
  Downloaded bitflags v2.13.2
  Downloaded pbkdf2 v0.11.0
  Downloaded opaque-debug v0.3.1
  Downloaded libsecp256k1-gen-ecmult v0.2.1
  Downloaded jobserver v0.1.34
  Downloaded constant_time_eq v0.3.1
  Downloaded cfg-if v1.0.4
  Downloaded hmac-drbg v0.3.0
  Downloaded hmac v0.8.1
  Downloaded arrayvec v0.7.8
  Downloaded ahash v0.8.12
  Downloaded borsh-derive v1.5.7
  Downloaded bincode v1.3.3
  Downloaded arrayref v0.3.9
   Compiling proc-macro2 v1.0.107
   Compiling quote v1.0.47
   Compiling unicode-ident v1.0.24
   Compiling version_check v0.9.5
   Compiling serde_core v1.0.229
   Compiling syn v2.0.119
   Compiling generic-array v0.14.7
   Compiling syn v3.0.5
   Compiling equivalent v1.0.2
   Compiling hashbrown v0.15.5
   Compiling toml_write v0.1.2
   Compiling serde v1.0.229
   Compiling winnow v0.7.15
   Compiling indexmap v2.9.0
   Compiling toml_datetime v0.6.11
   Compiling serde_derive v1.0.229
   Compiling toml_edit v0.22.27
   Compiling proc-macro-crate v3.2.0
   Compiling cfg_aliases v0.2.2
   Compiling block-buffer v0.10.4
   Compiling borsh v1.5.7
   Compiling crypto-common v0.1.7
   Compiling once_cell v1.21.4
   Compiling syn v1.0.109
   Compiling autocfg v1.5.1
   Compiling borsh-derive v1.5.7
   Compiling digest v0.10.7
   Compiling bytemuck_derive v1.8.1
   Compiling zerocopy v0.8.57
   Compiling bytemuck v1.23.1
   Compiling ahash v0.8.12
   Compiling toml v0.5.11
   Compiling solana-hash v2.3.0
   Compiling proc-macro-crate v0.1.5
   Compiling borsh-derive-internal v0.10.4
   Compiling borsh-schema-derive-internal v0.10.4
   Compiling num-traits v0.2.19
   Compiling borsh-derive v0.10.4
   Compiling sha2 v0.10.9
   Compiling solana-sha256-hasher v2.3.0
   Compiling solana-decode-error v2.3.0
   Compiling zmij v1.0.23
   Compiling serde_json v1.0.151
   Compiling hashbrown v0.13.2
   Compiling borsh v0.10.4
   Compiling solana-pubkey v2.4.0
   Compiling bincode v1.3.3
   Compiling solana-sdk-ids v2.2.1
   Compiling solana-sysvar-id v2.2.1
   Compiling bs58 v0.5.1
   Compiling solana-instruction v2.3.3
   Compiling solana-sdk-macro v2.2.1
   Compiling solana-program-error v2.2.2
   Compiling solana-account-info v2.3.0
   Compiling solana-system-interface v1.0.0
   Compiling solana-clock v2.2.3
   Compiling shlex v2.0.1
   Compiling find-msvc-tools v0.1.12
   Compiling cc v1.4.6
   Compiling typenum v1.20.1
   Compiling feature-probe v0.1.1
   Compiling thiserror v2.0.20
   Compiling bv v0.11.1
   Compiling blake3 v1.5.5
   Compiling thiserror-impl v2.0.20
   Compiling thiserror v1.0.69
   Compiling solana-rent v2.2.1
   Compiling solana-serialize-utils v2.2.1
   Compiling solana-stable-layout v2.2.1
   Compiling serde_bytes v0.11.19
   Compiling solana-fee-calculator v2.2.1
   Compiling solana-cpi v2.2.1
   Compiling solana-slot-hashes v2.2.1
   Compiling memoffset v0.9.1
   Compiling solana-short-vec v2.2.1
   Compiling thiserror-impl v1.0.69
   Compiling num-derive v0.4.2
   Compiling sha3 v0.10.9
   Compiling solana-slot-history v2.2.1
   Compiling solana-stake-interface v1.2.1
   Compiling solana-instructions-sysvar v2.2.2
   Compiling solana-account v2.2.1
   Compiling solana-last-restart-slot v2.2.1
   Compiling solana-epoch-rewards v2.2.1
   Compiling solana-epoch-schedule v2.2.1
   Compiling solana-program-entrypoint v2.3.0
   Compiling solana-transaction-error v2.2.1
   Compiling solana-bincode v2.2.1
   Compiling solana-serde-varint v2.2.2
   Compiling cpufeatures v0.2.17
   Compiling cfg-if v1.0.4
   Compiling solana-vote-interface v2.2.6
   Compiling solana-message v2.4.0
   Compiling solana-sysvar v2.3.0
   Compiling solana-feature-gate-interface v2.2.2
   Compiling solana-keccak-hasher v2.2.1
   Compiling solana-address-lookup-table-interface v2.2.2
   Compiling solana-nonce v2.2.1
   Compiling solana-secp256k1-recover v2.2.1
   Compiling solana-blake3-hasher v2.2.1
   Compiling solana-loader-v2-interface v2.2.1
   Compiling solana-loader-v3-interface v5.0.0
   Compiling solana-loader-v4-interface v2.2.1
   Compiling solana-program-pack v2.2.1
   Compiling solana-borsh v2.2.1
   Compiling spl-discriminator-syn v0.2.1
   Compiling solana-program v2.3.0
   Compiling spl-program-error-derive v0.4.1
   Compiling solana-curve25519 v2.2.20
   Compiling solana-zk-token-sdk v2.2.20
   Compiling spl-program-error v0.5.0
   Compiling spl-discriminator-derive v0.2.0
   Compiling spl-discriminator v0.3.0
   Compiling rustversion v1.0.23
   Compiling spl-pod v0.3.1
   Compiling spl-type-length-value v0.5.0
   Compiling num_enum_derive v0.7.6
   Compiling spl-tlv-account-resolution v0.7.0
   Compiling spl-transfer-hook-interface v0.7.0
   Compiling spl-token-metadata-interface v0.4.0
   Compiling num_enum v0.7.6
   Compiling spl-token v6.0.0
   Compiling spl-token-group-interface v0.3.0
   Compiling spl-memo v5.0.0
   Compiling spl-token-2022 v4.0.1
Error: Function _ZN14spl_token_20229extension21confidential_transfer12verify_proof30verify_transfer_with_fee_proof17h931d913fa873aae5E Stack offset of 4392 exceeded max offset of 4096 by 296 bytes, please minimize large stack variables. Estimated function frame size: 4472 bytes. Exceeding the maximum stack offset may cause undefined behavior during execution.

Error: A function call in method _ZN14spl_token_20229extension21confidential_transfer12verify_proof30verify_transfer_with_fee_proof17h931d913fa873aae5E overwrites values in the frame. Please, decrease stack usage or remove parameters from the call.The function call may cause undefined behavior during execution.

Error: A function call in method _ZN14spl_token_20229extension21confidential_transfer12verify_proof30verify_transfer_with_fee_proof17h931d913fa873aae5E overwrites values in the frame. Please, decrease stack usage or remove parameters from the call.The function call may cause undefined behavior during execution.

Error: A function call in method _ZN14spl_token_20229extension21confidential_transfer12verify_proof30verify_transfer_with_fee_proof17h931d913fa873aae5E overwrites values in the frame. Please, decrease stack usage or remove parameters from the call.The function call may cause undefined behavior during execution.

Error: A function call in method _ZN14spl_token_20229extension21confidential_transfer12verify_proof30verify_transfer_with_fee_proof17h931d913fa873aae5E overwrites values in the frame. Please, decrease stack usage or remove parameters from the call.The function call may cause undefined behavior during execution.

   Compiling spl-associated-token-account v4.0.0
   Compiling staking-suite v0.1.0 (/home/user/sniper-suite/programs/staking-suite)
    Finished `release` profile [optimized] target(s) in 56.61s
+ wget https://github.com/Snaipe/Criterion/releases/download/v2.3.3/criterion-v2.3.3-linux-x86_64.tar.bz2 -O criterion-v2.3.3-linux-x86_64.tar.bz2 --progress=dot:giga --retry-connrefused --read-timeout=30
--2026-09-18 16:03:12--  https://github.com/Snaipe/Criterion/releases/download/v2.3.3/criterion-v2.3.3-linux-x86_64.tar.bz2
Resolving github.com (github.com)... 140.82.116.4
Connecting to github.com (github.com)|140.82.116.4|:443... connected.
HTTP request sent, awaiting response... 302 Found
Location: https://release-assets.githubusercontent.com/github-production-release-asset/30111969/98b27400-e1f1-11e8-8f10-e43f4ef84b92?sp=r&sv=2018-11-09&sr=b&spr=https&se=2026-09-18T16%3A44%3A51Z&rscd=attachment%3B+filename%3Dcriterion-v2.3.3-linux-x86_64.tar.bz2&rsct=application%2Foctet-stream&skoid=96c2d410-5711-43a1-aedd-ab1947aa7ab0&sktid=398a6654-997b-47e9-b12b-9515b896b4de&skt=2026-09-18T15%3A44%3A00Z&ske=2026-09-18T16%3A44%3A51Z&sks=b&skv=2018-11-09&sig=YEa37%2BhNY4sJAh0%2BxscjOs3k2lf4PW75QasRrSesUOE%3D&jwt=eyJ0eXAiOiJKV1QiLCJhbGciOiJIUzI1NiJ9.eyJpc3MiOiJnaXRodWIuY29tIiwiYXVkIjoicmVsZWFzZS1hc3NldHMuZ2l0aHVidXNlcmNvbnRlbnQuY29tIiwia2V5Ijoia2V5MSIsImV4cCI6MTc4OTc0NzY5MiwibmJmIjoxNzg5NzQ3MzkyLCJwYXRoIjoicmVsZWFzZWFzc2V0cHJvZHVjdGlvbi5ibG9iLmNvcmUud2luZG93cy5uZXQifQ.hsFR4CL33evQ6J0EzSBTS2CFyVgtJQEmfbPwgU8vuaM&response-content-disposition=attachment%3B%20filename%3Dcriterion-v2.3.3-linux-x86_64.tar.bz2&response-content-type=application%2Foctet-stream [following]
--2026-09-18 16:03:12--  https://release-assets.githubusercontent.com/github-production-release-asset/30111969/98b27400-e1f1-11e8-8f10-e43f4ef84b92?sp=r&sv=2018-11-09&sr=b&spr=https&se=2026-09-18T16%3A44%3A51Z&rscd=attachment%3B+filename%3Dcriterion-v2.3.3-linux-x86_64.tar.bz2&rsct=application%2Foctet-stream&skoid=96c2d410-5711-43a1-aedd-ab1947aa7ab0&sktid=398a6654-997b-47e9-b12b-9515b896b4de&skt=2026-09-18T15%3A44%3A00Z&ske=2026-09-18T16%3A44%3A51Z&sks=b&skv=2018-11-09&sig=YEa37%2BhNY4sJAh0%2BxscjOs3k2lf4PW75QasRrSesUOE%3D&jwt=eyJ0eXAiOiJKV1QiLCJhbGciOiJIUzI1NiJ9.eyJpc3MiOiJnaXRodWIuY29tIiwiYXVkIjoicmVsZWFzZS1hc3NldHMuZ2l0aHVidXNlcmNvbnRlbnQuY29tIiwia2V5Ijoia2V5MSIsImV4cCI6MTc4OTc0NzY5MiwibmJmIjoxNzg5NzQ3MzkyLCJwYXRoIjoicmVsZWFzZWFzc2V0cHJvZHVjdGlvbi5ibG9iLmNvcmUud2luZG93cy5uZXQifQ.hsFR4CL33evQ6J0EzSBTS2CFyVgtJQEmfbPwgU8vuaM&response-content-disposition=attachment%3B%20filename%3Dcriterion-v2.3.3-linux-x86_64.tar.bz2&response-content-type=application%2Foctet-stream
Resolving release-assets.githubusercontent.com (release-assets.githubusercontent.com)... 185.199.111.133, 185.199.109.133, 185.199.110.133, ...
Connecting to release-assets.githubusercontent.com (release-assets.githubusercontent.com)|185.199.111.133|:443... connected.
HTTP request sent, awaiting response... 200 OK
Length: 677858 (662K) [application/octet-stream]
Saving to: 'criterion-v2.3.3-linux-x86_64.tar.bz2'

     0K                                    100% 17.1M=0.04s

2026-09-18 16:03:13 (17.1 MB/s) - 'criterion-v2.3.3-linux-x86_64.tar.bz2' saved [677858/677858]

+ tar --strip-components 1 -jxf criterion-v2.3.3-linux-x86_64.tar.bz2
