=== RULE 1: ZERO-TRUST INVENTORY 2026-09-19T08:23:42Z ===
--- artifact paths & existence:
EXISTS  /home/user/sniper-suite                            dir: 183 files, 3288174 B, 86516 lines
EXISTS  /home/user/buyer-release-final                     dir: 314 files, 14007964 B, 180769 lines
EXISTS  /home/user/buyer-release                           dir: 297 files, 13865946 B, 176024 lines
EXISTS  /home/user/evidence                                dir: 55 files, 9005199 B, 79464 lines
EXISTS  /home/user/HARDENING_REPORT.md                     file: 15293 B
EXISTS  /home/user/doccheck.py                             file: 7479 B
EXISTS  /home/user/work/verify_final_package.sh            file: 2544 B
--- key package files (stat: size, mtime, sha):
BUYER-FINAL-RELEASE-MANIFEST.json                            6069 B  mtime=2026-09-19 08:23:41  sha=0ff29f79d3184e8b
README.md                                                    5889 B  mtime=2026-09-19 08:23:41  sha=776166ab292e4400
source/sniper-suite-FINAL-src.tar.gz                       878579 B  mtime=2026-09-19 08:23:41  sha=22021e344b655059
binaries/staking_suite.so                                  187504 B  mtime=2026-09-19 08:23:41  sha=57a890fae273f2c5
staking-program/staking_suite.so                           187504 B  mtime=2026-09-19 08:23:41  sha=57a890fae273f2c5
checksums/SHA256SUMS                                        32436 B  mtime=2026-09-19 08:23:41  sha=bf459d23a045ded6
checksums/SHA256SUMS.json                                   44302 B  mtime=2026-09-19 08:23:41  sha=693bf90e123ae961
provenance/SOURCE-PROVENANCE.json                           38162 B  mtime=2026-09-19 08:23:41  sha=c1cbb5c98028f454
provenance/SOURCE-PROVENANCE.md                              4072 B  mtime=2026-09-19 08:23:41  sha=c87e15b6946b9ea0
--- repo root files:
total 501
drwxr-xr-x  8 user user   4096 Sep 19 08:23 .
drwx------ 10 user user   4096 Sep 19 08:23 ..
drwxr-xr-x  2 user user     60 Sep 19 08:23 .cargo
-rw-r--r--  1 user user    372 Sep 19 08:23 .dockerignore
-rw-r--r--  1 user user   2964 Sep 19 08:23 .env.template
drwxr-xr-x  3 user user     60 Sep 19 08:23 .github
-rw-r--r--  1 user user    281 Sep 19 08:23 .gitignore
-rw-r--r--  1 user user 160152 Sep 19 08:23 AUDIT.md
-rw-r--r--  1 user user  16552 Sep 19 08:23 CHANGELOG.md
-rw-r--r--  1 user user 201147 Sep 19 08:23 Cargo.lock
-rw-r--r--  1 user user   3571 Sep 19 08:23 Cargo.toml
-rw-r--r--  1 user user   2760 Sep 19 08:23 Dockerfile
-rw-r--r--  1 user user   1536 Sep 19 08:23 LICENSE
-rw-r--r--  1 user user  32317 Sep 19 08:23 README.md
-rw-r--r--  1 user user   1747 Sep 19 08:23 SECURITY.md
-rw-r--r--  1 user user      6 Sep 19 08:23 VERSION
-rw-r--r--  1 user user  18662 Sep 19 08:23 config.toml.example
drwxr-xr-x  9 user user   4096 Sep 19 08:23 crates
-rw-r--r--  1 user user   4075 Sep 19 08:23 deny.toml
-rw-r--r--  1 user user   2769 Sep 19 08:23 docker-compose.yml
drwxr-xr-x  2 user user   4096 Sep 19 08:23 docs
drwxr-xr-x  3 user user     60 Sep 19 08:23 programs
-rw-r--r--  1 user user   9462 Sep 19 08:23 release-manifest.json
-rw-r--r--  1 user user    586 Sep 19 08:23 rust-toolchain.toml
--- symlinks anywhere (repo/package/evidence):
(empty = none)
--- ENVIRONMENT CAPABILITY (for Rule 21):
rustup           /home/user/.cargo/bin/rustup
cargo            ABSENT
rustc            ABSENT
solana           ABSENT
solana-keygen    ABSENT
cargo-build-sbf  ABSENT
pg_ctl           ABSENT
psql             ABSENT
redis-server     ABSENT
docker           ABSENT
git              /usr/bin/git
python3          /usr/local/bin/python3
rustup
no rustup toolchains
2
               total        used        free      shared  buff/cache   available
Mem:            1984         637        1028         134         637        1347
/dev/root        25G  4.2G   20G  18% /
=== RULE 1 END ===
