=== dump content spot-check (secret scan inside pg dumps) ===
--- /home/user/buyer-release-final/database/backup-2026-09-18T15:44:22Z.dump
--- /home/user/buyer-release-final/database/backup-2026-09-18T15:47:37Z.dump
(only schema/test-data mentions acceptable)

=== RULE 8: TREE-HASH INDEPENDENT REPRODUCTION + SENSITIVITY ===
independent walk-based recompute: 183 files -> 2da6579b6ef20ad628dbe8b9f9f3212465fddf7bb457c0466448925f1190b909
MATCHES DOCUMENTED: True
sensitivity: content-differs: True  path-differs: True  execbit-differs: False
LIMITATION: tree hash covers path+bytes+lines+content-sha but NOT exec bits (exec bits are covered separately in provenance files[].executable and in archive member modes)
symlinks in repo: 0 (0 = symlink-following risk moot)

=== RULE 9: ARCHIVE INSPECTION + DOCUMENTED-METHOD REPRODUCTION ===
--- archive member anomalies (target/, tmp, caches, absolute or machine paths, /home/user references in member names):
./crates/solana-kit/src/cache.rs
(empty = clean)
--- member count + normalization fields uniform?:
0/0 0 2025-09-19
0/0 1035 2025-09-19
0/0 10394 2025-09-19
217
--- machine-path strings INSIDE archived file contents (/home/user) — legitimate in docs/logs?
AUDIT.md
--- documented-method rebuild from fresh extraction, byte-compare:
REBUILD BYTE-IDENTICAL: YES
1
--- extraction vs repo byte compare (fresh):
REPO == EXTRACTION: 0 content diffs
=== RULE 8/9 END ===
