--- where does '71 passed' appear:
/home/user/buyer-release-final/BUYER-FINAL-RELEASE-MANIFEST.json
/home/user/buyer-release-final/docs/BUYER-ACCEPTANCE-TEST.md
/home/user/buyer-release-final/docs/BUYER-REPRODUCTION-GUIDE.md
/home/user/buyer-release-final/evidence/gates/release-check-final.log
/home/user/buyer-release-final/manifests/BUYER-RELEASE-MANIFEST-hardening-pass-HISTORICAL.json
/home/user/buyer-release-final/source-tree/docs/BUYER-ACCEPTANCE-TEST.md
/home/user/buyer-release-final/source-tree/docs/BUYER-REPRODUCTION-GUIDE.md
/home/user/evidence/release-check-final.log
--- staking host test result lines anywhere:
test result: ok. 71 passed; 0 failed; 0 ignored; 0 measured; 0 filtered out; finished in 0.01s
2213:=== staking: cargo test (host; validator e2e gated on STAKING_E2E) ===
3169:     Running unittests src/lib.rs (target/debug/deps/staking_suite-edda2c26bfec75af)
3249:test validator_e2e_funded_staking_lifecycle ... ok
3255:   Doc-tests staking_suite
3261:[PASS] staking: cargo test (host; validator e2e gated on STAKING_E2E)
--- release-check-final.log gate summary:
=== required release files present ===
[PASS] required release files present
=== version consistency (VERSION == workspace == staking) ===
[PASS] version consistency (VERSION == workspace == staking)
=== toolchain pin consistency (rust-toolchain == Dockerfile == CI program job) ===
[PASS] toolchain pin consistency (rust-toolchain == Dockerfile == CI program job)
=== migrations monotonic + uniquely versioned ===
[PASS] migrations monotonic + uniquely versioned
=== no TODO/FIXME/stub markers in code or config ===
[PASS] no TODO/FIXME/stub markers in code or config
=== no secret-looking literals committed ===
[PASS] no secret-looking literals committed
=== cargo fmt --all --check ===
[PASS] cargo fmt --all --check
=== cargo check --workspace ===
[PASS] cargo check --workspace
=== cargo clippy --workspace --all-targets -- -D warnings ===
[PASS] cargo clippy --workspace --all-targets -- -D warnings
=== cargo test --workspace (gated suites run iff env present) ===
[PASS] cargo test --workspace (gated suites run iff env present)
=== db_integration (real Postgres) ===
[PASS] db_integration (real Postgres)
=== redis_integration (real Redis) ===
[PASS] redis_integration (real Redis)
=== distributed_integration (real Postgres + Redis) ===
[PASS] distributed_integration (real Postgres + Redis)
=== two_replica_mirror (real Postgres) ===
[PASS] two_replica_mirror (real Postgres)
=== staking: cargo fmt --check ===
[PASS] staking: cargo fmt --check
--- verify-delivery-final.log full:
PASS  required files present (58 checked)
PASS  migrations 0001-0011 present
PASS  version identity: VERSION == release-manifest.json == Cargo.toml (0.1.0)
PASS  manifest docs_count (39) == actual docs/*.md (39)
PASS  hygiene: no .env / target/ / build/ / logs / dumps / keypairs / pem files
PASS  all relative markdown links resolve (README.md + docs/*.md)
PASS  no zero-width / bidi-override characters in markdown
----------------------------------------
tree: 175 files (excluding .git), 3194670 bytes
verify-delivery: 7 PASS / 0 FAIL
--- EVIDENCE-INDEX.md rows citing e2e / staking tests:
19:| Staking host 71/71 (audit pass; 48/48 at freeze) | `AUDIT.md`; `docs/STAKING.md`; `release-manifest.json` | §27–28; `test_counts.staking_host` | VERIFIED — 2026-09-18 |
20:| Staking validator e2e 2/2 on the FREEZE source (funded stake→reward→unstake, local validator) | `AUDIT.md`; `docs/STAKING.md`; `programs/staking-suite/tests/validator_e2e.rs` | earlier dated sections; e2e source | PREVIOUSLY VERIFIED — 2026-09-17 era (agave 2.1.21) — historical |
21:| Staking validator e2e **3/3 EXECUTED on the audit-pass source** (governance + funded lifecycle + max-supply/metadata vs REAL mainnet-cloned mpl) | `AUDIT.md` §29; `docs/STAKING.md`; hardening evidence `phase5-full-batch.log` | e2e "Testing" section | VERIFIED — 2026-09-18 (solana-test-validator 2.1.21, batch 160.72 s) |
29:| recon_crash_e2e vs local solana-test-validator | `AUDIT.md`; `crates/solana-kit/tests/recon_crash_e2e.rs` | earlier dated sections | PREVIOUSLY VERIFIED |
30:| devnet_e2e read-only vs public devnet; latency_bench | `AUDIT.md`; `crates/solana-kit/tests/{devnet_e2e,latency_bench}.rs` | earlier dated sections | PREVIOUSLY VERIFIED |
74:| Staking host 71/71 + clippy `-D warnings` | `cargo test` / `cargo clippy --all-targets -- -D warnings` in `programs/staking-suite` | `phase2-staking-clippy.log` | PASS |
77:| Validator e2e 3/3 (governance, funded money flow, max-supply cap + metadata) | `STAKING_E2E=1 cargo test --test validator_e2e -- --test-threads=1` (real solana-test-validator, Agave BPF VM, mpl clone from mainnet-beta) | `phase5-full-batch.log` (160.72 s), fixes in `phase5-capmeta-fix.log` | PASS — 2 real defects found + fixed (§29 AUDIT.md) |
--- ledger rows citing validator-e2e.log or full-batch:
12:EVID-E2E-001,phase5-full-batch.log,"validator e2e 3/3 PASSED, 160.72 s: governance; funded stake->reward->claim->unstake; max-supply cap + metadata vs REAL mpl-token-metadata (mainnet-beta clone)",STAKING_E2E=1 cargo 
