=== RULE 10: CROSS-DOC VALUE CONSISTENCY ===
--- version identity:
0.1.0
/home/user/sniper-suite/Cargo.toml:version = "0.1.0"
/home/user/sniper-suite/programs/staking-suite/Cargo.toml:version = "0.1.0"
repo manifest: 0.1.0
final manifest: 0.1.0
--- counts 183 / 86,516 / 3,288,174 occurrences (buyer-facing):
/home/user/sniper-suite/docs/FINAL-RELEASE-AUDIT.md:123:| 3 | FINAL BYTE COUNT | 3,288,174 |
/home/user/buyer-release-final/README.md:33:183 files / 3,288,174 bytes / 86,516 lines). Reproduction steps for every
/home/user/buyer-release-final/BUYER-FINAL-RELEASE-MANIFEST.json:10:  "total_bytes": 3288174,
/home/user/buyer-release-final/provenance/SOURCE-PROVENANCE.md:48:Expected: `183 3288174 86516` and
--- 86,516 occurrences:
/home/user/sniper-suite/docs/FINAL-RELEASE-AUDIT.md
/home/user/buyer-release-final/README.md
/home/user/buyer-release-final/BUYER-FINAL-RELEASE-MANIFEST.json
--- 183-file claim occurrences:
/home/user/sniper-suite/docs/DELIVERY-MANIFEST.md
/home/user/buyer-release-final/README.md
/home/user/buyer-release-final/BUYER-FINAL-RELEASE-MANIFEST.json
--- test counts 537/71/3/23 in buyer-facing docs (each occurrence context):
/home/user/buyer-release-final/README.md:48:sources byte-identical to this tree: 537 + 537 (all-features) workspace
/home/user/buyer-release-final/README.md:49:tests, 71 staking host tests, 3 validator-e2e tests, 23 DB-suite rerun —
/home/user/buyer-release-final/BUYER-FINAL-RELEASE-MANIFEST.json:44:  "workspace": "537 passed / 0 failed (+537 all-features)",
/home/user/buyer-release-final/BUYER-FINAL-RELEASE-MANIFEST.json:47:  "db_suite_rerun_on_restored_db": "23 passed / 0 failed",
--- toolchain pins consistency:
/home/user/sniper-suite/rust-toolchain.toml:3:# 1.98.1 is the version this codebase is verified against (host build of the
/home/user/sniper-suite/rust-toolchain.toml:11:channel = "1.98.1"
/home/user/sniper-suite/Dockerfile:18:# Toolchain matches rust-toolchain.toml (1.98.1 — the version this codebase is
/home/user/sniper-suite/Dockerfile:21:FROM rust:1.98.1-bookworm AS builder
/home/user/sniper-suite/.github/workflows/ci.yml:102:      # Pinned explicitly to MIRROR the root rust-toolchain.toml (1.98.1):
/home/user/sniper-suite/.github/workflows/ci.yml:106:      - uses: dtolnay/rust-toolchain@1.98.1
/home/user/sniper-suite/.github/workflows/ci.yml:122:      # toolchain (agave 2.1.21 / platform-tools v1.43): the lockfi
/home/user/sniper-suite/.github/workflows/ci.yml:131:          solana_version: '2.1.21'
/home/user/buyer-release-final/BUYER-FINAL-RELEASE-MANIFEST.json:18:  "agave": "2.1.21 (tarball sha256 5da3359e296f1e6c1
/home/user/buyer-release-final/provenance/SOURCE-PROVENANCE.json:1328:  "agave": "2.1.21",
--- repo release-manifest.json vs final manifest test counts:
repo manifest keys: ['manifest_version', 'product', 'description', 'version', 'license', 'notes', 'components', 'toolchain', 'test_counts', 'verification_status', 'external_handover_blockers', 'staking_program']
repo test counts: {'workspace_total': 537, 'workspace_total_at_freeze_0e139c3': 521, 'workspace_gated_integration_executed': 38, 'db_integration': 23, 'redis_integration': 10, 'distributed_integration': 4, 'two_replica_mirror': 1, 'staking_host': 71, 'staking_host_at_freeze_0e139c3': 48, 'release_check_gates': {'pass': 20, 'fail': 0, 'skip': 0}, 'failures': 0, 'staking_validator_e2e_executed_passed': 3, 'staking_validator_e2e_run': 'hardening pass 2026-09-18: STAKING_E2E=1 cargo test --test validator_e2e -- --test-threads=1 → 3 passed / 0 failed in 160.72s on solana-test-validator 2.1.21 (metadata e2e against the real mainnet-cloned mpl-token-metadata)', 'workspace_total_all_features': 537}
final test counts: {'note': 'recorded executions on Rust sources byte-identical to this tree (no Rust change in the handover pass)', 'workspace': '537 passed / 0 failed (+537 all-features)', 'staking_host': '71 passed / 0 failed', 'validator_e2e': '3 passed / 0 failed (real BPF VM, mainnet-cloned mpl-token-metadata)', 'db_suite_rerun_on_restored_db': '23 passed / 0 failed', 'release_check': '20/20 PASS', 'verify_delivery': '7/7 PASS (175-file hardening tree; re-scoped for this tree by package self-check)', 'failed_total': 0}

=== RULE 11: STATUS SEMANTICS ===
--- final manifest verification_status values:
  OK  build_fmt_clippy_tests: PASS
  OK  staking_build_and_e2e: PASS
  OK  sbf_determinism: PASS
  OK  db_migrations_backup_restore_roundtrip: PASS
  OK  paper_mode_run_and_endpoints: PASS
  OK  security_statics_deps_scans: PASS (0 unsafe; forbid(unsafe_code) x4; cargo-audit 0 errors; cargo-deny ok; secret scans 
  OK  program_identity_tracking: PASS (4 tracked docs; verify exit 0)
  OK  money_path_fail_closed_review: PASS (inspection + executed-test review; docs/FINAL-RELEASE-AUDIT.md §D)
  OK  placeholder_audit: PASS (0 real defects; classification table in docs/FINAL-RELEASE-AUDIT.md §C)
  OK  commercial_claim_sweep: PASS (1 wording correction applied)
  OK  docker_build_compose_smoke: BLOCKED (no vendor daemon; native-equivalent smoke PASS, labeled)
  OK  github_actions_run: BLOCKED (no vendor runner; 1:1 local equivalents PASS)
  OK  funded_live_validation: NOT RUN (requires funded keys)
  OK  landing_rate_bench: NOT RUN (requires funded keys)
  OK  external_security_audit: NOT RUN (none exists; none claimed)
  OK  program_deployment: HUMAN ACTION
  OK  final_keypair_and_program_id: HUMAN ACTION
  OK  live_mode_enablement: HUMAN ACTION (two-key ceremony; paper default)
  OK  legal_ip_review: HUMAN ACTION (buyer counsel; factual inventory provided)
  OK  buyer_acceptance_A_to_R: HUMAN ACTION (docs/BUYER-ACCEPTANCE-TEST.md; nothing pre-marked PASS)
--- repo release-manifest status vocab scan:
  (scan done)
--- contradiction scan: 'BLOCKED' near success verbs in buyer docs:
/home/user/sniper-suite/docs/BUYER-FAQ.md:109:**Is Docker verified?**
(empty = none)

=== RULE 17: STALE-CLAIM SCAN (old numbers must be labeled historical) ===
--- pattern: 175 files
--- pattern: 175-file
/home/user/sniper-suite/docs/FINAL-KNOWN-LIMITATIONS.md:34:* Source completeness: 175-file baseline three-way byte-verified (repo /
--- pattern: 51726e7e
/home/user/sniper-suite/docs/FINAL-RELEASE-AUDIT.md:155:recorded `51726e7e…` pre-edit baseline).
--- pattern: 39 docs
--- pattern: docs_count.*39
--- pattern: 3,196,164\|3196164
--- pattern: 85,164\|85164
--- pattern: 296/296
--- pattern: 2084d6a9
--- pattern: 9e113678
--- pattern: 521/521
/home/user/sniper-suite/docs/BUYER-DUE-DILIGENCE.md:34:| Exact latest counts | `release-manifest.json` `test_counts`; `docs/TESTING.md`; `AUDIT.md` §26–28 | 
/home/user/sniper-suite/docs/BUYER-FAQ.md:120:(audit pass: 537/537, real PG 17.11 + Redis 8.0.2; freeze pass: 521/521,
/home/user/sniper-suite/docs/BUYER-OVERVIEW.md:200:numbers: **521/521 workspace tests, 48 staking host tests + 2 gated e2e,
/home/user/sniper-suite/docs/DELIVERY-MANIFEST.md:15:  final gate 20/20 PASS, 521/521 workspace tests, 0 failures.
--- pattern: 170 files
/home/user/sniper-suite/docs/DELIVERY-MANIFEST.md:18:  then +9 final-delivery docs + `scripts/verify-delivery.sh` (170 files).
--- pattern: 171 files
/home/user/sniper-suite/docs/DELIVERY-MANIFEST.md:19:  A later audit pass changed sources and added `collateral.rs` (171 files),
--- pattern: 160 files
/home/user/sniper-suite/docs/DELIVERY-MANIFEST.md:17:  each pass report): +14 buyer-package docs (160 files / 2,919,949 bytes),
--- BUYER-OVERVIEW.md:190-210 context:
## 14. Testing model

Layered (`docs/TESTING.md`): deterministic offline unit/integration tests
with protocol mocks (PumpPortal WS, Geyser `transactionSubscribe`, mock
JSON-RPC pair for fan-out, Polymarket CLOB/Gamma HTTP, storage journal);
gated integration suites against real PostgreSQL + Redis
(`db_integration` 23, `redis_integration` 10, `distributed_integration` 4,
`two_replica_mirror` 1 — all executed in the final freeze pass, 38 gated
tests total); network-gated e2e (devnet, latency bench, validator e2e) that
skip cleanly without their env vars and never run silently. Final freeze
numbers: **521/521 workspace tests, 48 staking host tests + 2 gated e2e,
release-check 20/20 gates PASS, 0 failures**; post-delivery audit pass on
the current tree: **537/537 workspace tests, 71 staking host tests + 3
gated e2e, 0 failures** (CHANGELOG [Unreleased], AUDIT.md §28);
buyer-hardening pass 2026-09-18: build-sbf EXECUTED and **all 3 validator
e2e EXECUTED/PASSED** on solana-test-validator 2.1.21 (AUDIT.md §29,
docs/EVIDENCE-INDEX.md). Verification taxonomy
(VERIFIED / PREVIOUSLY VERIFIED / GATED / NOT EXECUTED): `docs/HANDOVER.md` §3.

## 15. Recovery model

--- BUYER-FAQ.md:105-125 context:
`--clone-upgradeable-program` harness flag) — see AUDIT.md §29. Mainnet deployment is
documentation-blocked until an independent audit passes (root `SECURITY.md`,
`docs/STAKING.md`).

**Is Docker verified?**
Partially. The `Dockerfile` (multi-stage, non-root, healthchecked, pinned
`rust:1.98.1-bookworm`) and `docker-compose.yml` are delivered and passed
static inspection; `docker compose config` is a CI syntax gate. The image
build and container smoke test were **NOT EXECUTED** in the delivery sandbox
(no Docker daemon) — they run in the CI `docker` job, which itself has not
run on a real GitHub runner yet. The buyer must execute this path once
(`docs/BUYER-RISK-REGISTER.md`).

**What is "previously verified" vs "latest verified"?**
VERIFIED = executed successfully in the latest gate pass on the current tree
(audit pass: 537/537, real PG 17.11 + Redis 8.0.2; freeze pass: 521/521,
gate 20/20, real PG 16.4 + Redis 7.2.10). PREVIOUSLY VERIFIED =
executed successfully in an earlier build session **on identical source** but
not re-executed in the final sandbox (build-sbf, validator e2e,
recon_crash_e2e, devnet e2e, latency bench). Both labels are listed
machine-readably in `release-manifest.json` → `verification_status`
--- FINAL-KNOWN-LIMITATIONS.md:28-40 context:
  verify-delivery 7 PASS / 0 FAIL; cargo audit ×2 (0 errors, 9 allow-listed
  warnings); cargo deny (advisories/bans/licenses/sources ok).
* latency_bench read-only + simulate legs executed vs public devnet
  (machine-readable record with environment caveats).
* Static security scans: 0 unsafe, forbid(unsafe_code) ×4, 0 markers,
  0 secret-pattern hits, 0 keypairs in tree.
* Source completeness: 175-file baseline three-way byte-verified (repo /
  mirror / tarball) + per-file provenance hashes.

## 2. NOT EXECUTED (never run anywhere — honestly labeled, wired for buyer)

* Funded live trading on any venue (Polymarket orders with real collateral;
  Solana broadcasts with real funds). Simulation ≠ funded; paper ≠ live.
