=== RULE 5: HIDDEN FILE / SECRET AUDIT (recursive, manifest-independent) 2026-09-19T08:29:57Z ===
--- all dotfiles/dotdirs in package:
source-tree/.cargo
source-tree/.dockerignore
source-tree/.env.template
source-tree/.github
source-tree/.gitignore
source-tree/programs/staking-suite/.cargo
--- forbidden-name scan (whole package):
/home/user/buyer-release-final/source-tree/.env.template
(empty = none)
--- .env* anywhere:
/home/user/buyer-release-final/source-tree/.env.template
(only .env.template acceptable)
--- dumps present (expected, labeled test-data):
-rw-r--r-- 1 user user 116964 Sep 19 08:23 /home/user/buyer-release-final/database/backup-2026-09-18T15:44:22Z.dump
-rw-r--r-- 1 user user 116973 Sep 19 08:23 /home/user/buyer-release-final/database/backup-2026-09-18T15:47:37Z.dump
--- secret-pattern grep (private keys/mnemonics/tokens) across package, excluding known-clean binaries:
--- mnemonic word-sequence heuristic (12+ consecutive dict-style lowercase words in json/txt):
(empty = none)
--- base58 64/88-char strings outside known id/hash contexts (sample):
/home/user/buyer-release-final/source-tree/crates/module-copy/tests/copy_feed.rs:86:        "signature": "5hJq3vD9xEZLmPcT6f1WdS2YbU8nKgQr4aVoXtZiE7pCbN1yMkF3uLwHd9sRexT2qAzGvBoNcLpKjMi8YuH1xQ",
/home/user/buyer-release-final/source-tree/crates/module-sniper/tests/detect_feed.rs:84:        "4uQeVj5tqViQh7oWW2qNRjDpGtBaDEhNcVfUv5x9rESpMn8Z2GvqQUfzKb1yWd1HsNqRt9xKcLevbnpWKd8nH1Jq";
/home/user/buyer-release-final/source-tree/crates/solana-kit/tests/mock_pumpportal.rs:135:        "signature": "4uQeVj5tqViQh7oWW2qNRjDpGtBaDEhNcVfUv5x9rESpMn8Z2GvqQUfzKb1yWd1HsNqRt9xKcLevbnpWKd8nH1Jq",
/home/user/buyer-release-final/source-tree/crates/solana-kit/tests/mock_pumpportal.rs:192:        "signature": "5hJq3vD9xEZLmPcT6f1WdS2YbU8nKgQr4aVoXtZiE7pCbN1yMkF3uLwHd9sRexT2qAzGvBoNcLpKjMi8YuH1xQ",

=== RULE 6: EXEC-BIT AUDIT (repo vs mirror vs archive) ===
repo executables:
mirror executables:
archive members with +x:

.cargo/
.github/
.github/workflows/
crates/
crates/core/
crates/core/migrations/
crates/core/src/
crates/core/src/db/
crates/core/src/obs/
crates/core/tests/
crates/module-copy/
crates/module-copy/src/
crates/module-copy/tests/
crates/module-polymarket/
crates/module-polymarket/src/
crates/module-polymarket/tests/
crates/module-sniper/
crates/module-sniper/src/
crates/module-sniper/tests/
crates/module-telegram/
crates/module-telegram/src/
crates/server/
crates/server/src/
crates/solana-kit/
crates/solana-kit/src/
crates/solana-kit/tests/
docs/
programs/
programs/staking-suite/
programs/staking-suite/.cargo/
programs/staking-suite/src/
programs/staking-suite/tests/
scripts/
scripts/release-check.sh
scripts/staking-identity.sh
scripts/verify-delivery.sh
deployment/scripts executables in package:
provenance executable=true entries:
['scripts/release-check.sh', 'scripts/staking-identity.sh', 'scripts/verify-delivery.sh']

=== RULE 7: CHECKSUM SECOND-METHOD RECOMPUTE ===
SUMS entries: 312  JSON entries: 312  JSON==SUMS map: True
independent python recompute: 312/312 OK; bytes=13,931,226 (json total_bytes=13,931,226) match=True
AGREE archive sha: manifest vs provenance vs real 
AGREE so sha: manifest vs provenance vs real(binaries) 
AGREE so sha: staking-program copy 
AGREE lock Cargo.lock: manifest vs provenance vs real 
AGREE lock staking: manifest vs provenance vs real 
AGREE manifest sha: provenance vs real 
AGREE README sha: provenance vs real 
AGREE tree sha: manifest vs provenance vs inventory 
