--- verify-delivery.sh counting method:
53:  ok "required files present ($(echo $REQUIRED_FILES | wc -w | tr -d ' ') checked)"
75:DOCS_ACTUAL="$(ls docs/*.md 2>/dev/null | wc -l | tr -d ' ')"
90:  hits="$(find . -path ./.git -prune -o -type f -name "$pat" -print 2>/dev/null | head -3)"
110:    for m in link_re.finditer(text):
149:TOTAL_FILES="$(find . -path ./.git -prune -o -type f -print | wc -l | tr -d ' ')"
150:TOTAL_BYTES="$(find . -path ./.git -prune -o -type f -print0 | du -cb --files0-from=- 2>/dev/null | tail -1 | cut -f1)"
152:echo "tree: ${TOTAL_FILES} files (excluding .git), ${TOTAL_BYTES:-unknown} bytes"
--- reproduce its count on the OLD package mirror (175-file tree):
mirror: 175 files, 3196164 bytes
--- phase5-validator-e2e.log labeling — mentioned in AUDIT/EVIDENCE-INDEX/ledger?:
--- what does the head of phase5-validator-e2e.log say (context of the failed run):
   Compiling proc-macro2 v1.0.107
   Compiling quote v1.0.47
   Compiling unicode-ident v1.0.24
   Compiling libc v0.2.189
   Compiling cfg-if v1.0.4
   Compiling syn v3.0.5
   Compiling syn v2.0.119
   Compiling version_check v0.9.5
--- release-check-final.log tail (final summary + tree context):
warning[no-license-field]: license expression was not specified in manifest for crate 'solana-config-program-client = 0.0.2'
 ├ solana-config-program-client v0.0.2
   └── solana-account-decoder v2.3.13
       ├── solana-kit v0.1.0
       │   ├── module-copy v0.1.0
       │   │   ├── module-telegram v0.1.0
       │   │   │   └── sniper-suite v0.1.0
       │   │   └── sniper-suite v0.1.0 (*)
       │   ├── module-sniper v0.1.0
       │   │   ├── module-telegram v0.1.0 (*)
       │   │   └── sniper-suite v0.1.0 (*)
       │   ├── module-telegram v0.1.0 (*)
       │   └── sniper-suite v0.1.0 (*)
       └── solana-transaction-status v2.3.13
           ├── (dev) module-copy v0.1.0 (*)
           ├── (dev) module-sniper v0.1.0 (*)
           └── solana-kit v0.1.0 (*)

advisories ok, bans ok, licenses ok, sources ok
[PASS] cargo deny check

============================================================
release-check summary: 20 PASS, 0 FAIL, 0 SKIP
All executed release gates passed.
RELEASE_CHECK_EXIT=0
--- du -cb method (as verify-delivery.sh does):
3196164	total
--- printf %s sum method:
3196164
--- du version:
du (GNU coreutils) 9.7
--- per-file compare to find the delta files:
files where du -b != stat size: 0
stat sum: 3196164  du sum: 3196164  delta: 0
