=== RULE 12: CLAIM->EVIDENCE SPOT CHECKS ===
--- determinism claim vs log:
--- preserved first-build artifacts (expected sha 57a890fa...):
57a890fae273f2c569fc814c43f0645311b6983dd30782126a9844ee193b5564  /home/user/evidence/staking_suite.so.first
57a890fae273f2c569fc814c43f0645311b6983dd30782126a9844ee193b5564  /home/user/buyer-release/binaries/staking_suite.so
REBUILD_EXIT=0
--- db restore claim vs logs:
/home/user/evidence/phase8-6-restored-rerun.log:test result: ok. 23 passed; 0 failed; 0 ignored; 0 measured; 0 filtered out; finished in 7.29s
--- mainnet claim scan in buyer docs (must be mpl-clone/test context only):
/home/user/buyer-release-final/README.md:85:only by the vendor. No live/mainnet execution evidence exists or is
/home/user/sniper-suite/docs/BUYER-OVERVIEW.md:159:mainnet until an independent audit passes (README, `docs/SECURITY.md`).
/home/user/sniper-suite/docs/STAKING.md:150:  mainnet-beta, tag `token-metadata@v1.14.0`, and then against the real
/home/user/sniper-suite/docs/STAKING.md:154:* **NOT done:** third-party audit, mainnet deployment, fuzzing. Reward math
/home/user/sniper-suite/docs/BUYER-DEPLOYMENT.md:203:   mainnet deployment is blocked by documentation and should be blocked by
(empty = all mainnet refs are test-clone or negations)
--- latency/bench scope labels:
57:| Authoritative history `9c677cd` → `0e139c3` | `AUDIT.md`; `CHANGELOG.md`; `release-manifest.json` notes; `docs/FINAL-DELIVERY.md` | §26–27 headers; release identity; manifest design note; §2 | FACT — recorded in the authoritative repository (git metadata absent from the packaging sandbox; never fabricated) |
62:row was produced by an actual command run in the hardening sandbox
81:| RPC latency + simulate bench (existing tests only) | `E2E_NETWORK=1 cargo test -p solana-kit --test latency_bench -- --test-threads=1 --nocapture` | `phase11-latency-devnet.log`, machine-readable `benchmarks-2026-09-18.json` | PASS — getSlot/getLatestBlockhash/simulate legs on public devnet; landing_rate SKIP (needs funded keys — HUMAN ACTION); figures = this sandbox, not product guarantees |
--- 'live' success claims scan:
(empty = none)

=== RULE 13: PROGRAM-ID IDENTITY AUDIT ===
--- all references to placeholder id (package-wide):
deployment/scripts/staking-identity.sh
docs/BUYER-ACCEPTANCE-TEST.md
docs/BUYER-DUE-DILIGENCE.md
docs/STAKING.md
evidence/gates/phase7-identity-verify.log
evidence/handover/placeholder-scan-raw.json
evidence/inventory/ledger.csv
evidence/tests/phase5-capmeta-fix.log
evidence/tests/phase5-capmeta-retry.log
manifests/BUYER-RELEASE-MANIFEST-hardening-pass-HISTORICAL.json
manifests/release-manifest.json
source-tree/AUDIT.md
source-tree/README.md
source-tree/docs/BUYER-ACCEPTANCE-TEST.md
source-tree/docs/BUYER-DUE-DILIGENCE.md
source-tree/docs/STAKING.md
source-tree/programs/staking-suite/src/lib.rs
source-tree/release-manifest.json
source-tree/scripts/staking-identity.sh
staking-program/PROGRAM-ID-STATUS.md
--- declare_id in source:
34:use solana_program::declare_id;
38:declare_id!("3vEEMMFmdA88n8ApgZ3b9L3BXEh75yCeMbHbmUjR9mfy");
--- any OTHER 44-char base58 presented as the staking program id? (scan for 'program id' lines):
/home/user/sniper-suite/README.md:345:Deploy, then record the program id:
/home/user/sniper-suite/README.md:349:# => Program Id: <YOUR_PROGRAM_ID>
/home/user/sniper-suite/docs/STAKING.md:116:6. Publish the mint address + program id for stakers.
/home/user/buyer-release-final/staking-program/PROGRAM-ID-STATUS.md:1:# Staking program identity status (final buyer-handover pack
/home/user/buyer-release-final/staking-program/PROGRAM-ID-STATUS.md:8:- Declared program id in source: `3vEEMMFmdA88n8ApgZ3b9L3BXE
/home/user/buyer-release-final/staking-program/PROGRAM-ID-STATUS.md:10:  cluster by the vendor. No real program id exists yet; non
--- identity verify (fresh run):
[identity] declared program id (source of truth): 3vEEMMFmdA88n8ApgZ3b9L3BXEh75yCeMbHbmUjR9mfy
[identity] STATUS: this is the documented PRE-DEPLOYMENT PLACEHOLDER.
[identity]         Generate the final program keypair, then run:
[identity]         scripts/staking-identity.sh set-id <program-keypair.json>
  OK    README.md quotes the declared id
  OK    docs/BUYER-DUE-DILIGENCE.md quotes the declared id
  OK    docs/STAKING.md quotes the declared id
  OK    docs/BUYER-ACCEPTANCE-TEST.md quotes the declared id
[identity] verify: all tracked references agree.
exit=0
--- set-id SIMULATION ON TMP COPY (never touching the repo):
ERROR: required executable not found: solana-keygen (install the Agave 2.1.x CLI: https://github.com/anza-xyz/agave/releases)
SETID_EXIT=0
--- post-set-id: verify + stale sweep behavior:
[identity]         scripts/staking-identity.sh set-id <program-keypair.json>
  OK    README.md quotes the declared id
  OK    docs/BUYER-DUE-DILIGENCE.md quotes the declared id
  OK    docs/STAKING.md quotes the declared id
  OK    docs/BUYER-ACCEPTANCE-TEST.md quotes the declared id
[identity] verify: all tracked references agree.
VERIFY_AFTER_SETID_EXIT=0
1
(release-manifest still contains placeholder = correctly EXCLUDED from sweep)
README.md                                     placeholder-remaining=1
docs/BUYER-DUE-DILIGENCE.md                   placeholder-remaining=1
docs/STAKING.md                               placeholder-remaining=1
docs/BUYER-ACCEPTANCE-TEST.md                 placeholder-remaining=1
programs/staking-suite/src/lib.rs             placeholder-remaining=1

=== RULE 16: DEPENDENCY/TOOLCHAIN DRIFT ===
--- lockfile package counts:
706
580
--- lock vs repo manifest claimed hashes: (Rule 7 already AGREE)
--- platform-tools references:
/home/user/sniper-suite/docs/BUYER-REPRODUCTION-GUIDE.md:20:| `release.anza.xyz` / GitHub (platform-tools) | `cargo build-sbf` toolchain (auto-fetched, ~1.2 GB) |
/home/user/sniper-suite/docs/BUYER-REPRODUCTION-GUIDE.md:147:cargo build-sbf                  # first run auto-downloads platform-tools (~1.2 GB)
/home/user/sniper-suite/docs/BUYER-REPRODUCTION-GUIDE.md:151:Expected `.so` SHA-256 on Linux x86_64 with platform-tools v1.43:
--- Dockerfile base vs toolchain file:
21:FROM rust:1.98.1-bookworm AS builder
45:FROM debian:bookworm-slim AS runtime
--- ci.yml solana_version vs docs:
122:      # toolchain (agave 2.1.21 / platform-tools v1.43): the lockfile is
131:          solana_version: '2.1.21'

=== RULE 18: PACKAGE HIERARCHY ===
/home/user/buyer-release
/home/user/buyer-release-final
/home/user/delivery
/home/user/release_check_audit2.log
/home/user/release_check_audit3.log
--- labeling check:
/home/user/buyer-release-final/BUYER-FINAL-RELEASE-MANIFEST.json: "package": "sniper-suite FINAL buyer-handover package (buyer-release-final)",
/home/user/buyer-release/BUYER-RELEASE-MANIFEST.json:  "package": "sniper-suite buyer release (post buyer-hardening pass)",
5: "supersedes": "buyer-release/ (hardening-pass package, preserved untouched as labeled history; its manifest copy: manifests/BUYER-RELEASE-MANIFEST-hardening-pass-HISTORICAL.json)",

=== RULE 20: IP snapshot ===
MIT License

Copyright (c) 2026 sniper-suite authors
Copyright (c) 2026 sniper-suite authors
license field: MIT
--- vendored source dirs?
(empty = none)
