=== BYTE_IDENTICAL confirmation in determinism log ===
421:BYTE_IDENTICAL=YES (cold-rebuilt .so == evidence/staking_suite.so.first == package binaries/staking_suite.so)

=== RULE 18b: /home/user/delivery + stray artifacts ===
AUDIT_PASS_REPORT.md
COMMERCIAL_PACKAGE_REPORT.md
FINAL_DELIVERY_REPORT.md
FREEZE_REPORT.md
HARDENING_REPORT.md
RELEASE_REPORT.md
assemble_report.py
build_report.py
build_report2.py
build_report3.py
build_report4.py
buyer-release
buyer-release-final
delivery
doccheck.py
evidence
release_check_audit2.log
release_check_audit3.log
rustup-init.sh
sniper-suite
work
---
/home/user/delivery
/home/user/delivery/ARTIFACTS-NOTE.txt
/home/user/delivery/SHA256SUMS.txt
/home/user/delivery/sniper-suite-0.1.0-src.tar.gz
789K	/home/user/delivery
(no README in delivery/)

=== RULE 14: MONEY-PATH ADVERSARIAL GREP (current source, independent) ===
--- fallback/default balance patterns in LIVE-capable code:
crates/module-polymarket/src/collateral.rs:14://!   it is never interpreted as a zero or fallback balance;
crates/module-polymarket/src/lib.rs:848:    /// [`PolyError::InsufficientFunding`]. No fallback exists.
crates/module-sniper/src/lib.rs:334:            if let Some(v) = sol_balance_fallback(mode, cached) {
crates/module-sniper/src/lib.rs:344:/// Pure fallback rule for [`available_sol`]: the cached balance may substitute
crates/module-sniper/src/lib.rs:347:pub(crate) fn sol_balance_fallback(mode: ExecutionMode, cached: f64) -> Option<f64> {
crates/module-sniper/src/lib.rs:370:        assert_eq!(sol_balance_fallback(ExecutionMode::Paper, 10.0), Some(10.0));
crates/module-sniper/src/lib.rs:372:        assert_eq!(sol_balance_fallback(ExecutionMode::Paper, 0.0), None);
crates/module-sniper/src/lib.rs:373:        assert_eq!(sol_balance_fallback(ExecutionMode::Paper, -1.0), None);
crates/module-sniper/src/lib.rs:377:        assert_eq!(sol_balance_fallback(ExecutionMode::Simulate, 10.0), None);
crates/module-sniper/src/lib.rs:378:        assert_eq!(sol_balance_fallback(ExecutionMode::Live, 10.0), None);
crates/solana-kit/src/execute.rs:691:            let lamports = u64::from_le_bytes(ix.data[4..12].try_into().unwrap_or([0; 8]));
crates/solana-kit/src/ws.rs:835:        lamports: value.get("lamports").and_then(|l| l.as_u64()).unwrap_or(0),
--- paper-mode guards around balance substitution:
4:335:                warn!(error = %e, "balance fetch failed, using cached {v} SOL (paper mode)");
6:367:    fn sol_fallback_is_paper_only() {
61:/// verified is rejected with [`PolyError::BalanceUnavailable`].
103:    /// `BalanceUnavailable` instead of sizing against a demo balance.
763:    ///   failure yields [`PolyError::BalanceUnavailable`], which rejects the
783:    /// surfaced as [`PolyError::BalanceUnavailable`] — a caller in live mode
846:    /// Read failures reject with [`PolyError::BalanceUnavailable`];
848:    /// [`PolyError::InsufficientFunding`]. No fallback exists.
--- may_broadcast gate:
crates/solana-kit/src/execute.rs:992:/// `allow_live_trading` gate is closed. Shared by every trading module so the
crates/solana-kit/src/execute.rs:996:    let mode = if ex.mode.is_live() && !ex.allow_live_trading {
crates/module-sniper/src/lib.rs:27://! `execution.allow_live_trading = true`.
crates/module-sniper/src/lib.rs:309:/// not broadcast unless `allow_live_trading` is true. We mirror that here by
crates/module-sniper/src/lib.rs:361:        cfg.raw.execution.allow_live_trading = allow_live;
crates/module-sniper/src/lib.rs:399:            c.raw.execution.allow_live_trading = false; // gate closed
--- zero-on-error patterns (dangerous if any):
crates/solana-kit/src/rpc.rs:629:                            fee: tx.transaction.meta.as_ref().map(|m| m.fee).unwrap_or(0),
(expect none in balance paths)
--- mode transition poisoning: where is paper/live mode read?
crates/core/src/config.rs:135:            mode: ExecutionMode::Paper,
crates/core/src/db/repo.rs:55:            mode: ExecutionMode::from_str(&mode_s).unwrap_or(ExecutionMode::Paper),
crates/core/src/db/repo.rs:332:                .unwrap_or(ExecutionMode::Paper),
crates/core/src/db/repo.rs:560:                .unwrap_or(ExecutionMode::Paper),
crates/core/src/models.rs:114:        matches!(self, ExecutionMode::Live)
crates/core/src/models.rs:119:            ExecutionMode::Paper => "paper",
crates/core/src/models.rs:121:            ExecutionMode::Live => "LIVE",
crates/core/src/models.rs:137:            "paper" | "dry" | "dryrun" => Ok(ExecutionMode::Paper),

=== RULE 15: NEGATIVE-TEST MAPPING (names in recorded logs) ===
rpc_errors_are_errors_never_zero     FOUND in phase2-test-workspace-allfeat.log/home/user/evidence/phase2-test-workspace-allfeat.log
rejects_insufficient                 not-found
insufficient_funding                 not-found
balance_unavailable                  not-found
deny                                 FOUND in release-check-final.log/home/user/evidence/release-check-final.log
denied                               FOUND in phase2-test-workspace-allfeat.log/home/user/evidence/phase2-test-workspace-allfeat.log
readonly                             not-found
unauthorized                         not-found
duplicate                            FOUND in phase2-test-workspace-allfeat.log/home/user/evidence/phase2-test-workspace-allfeat.log
idempoten                            FOUND in phase2-test-workspace-allfeat.log/home/user/evidence/phase2-test-workspace-allfeat.log
replay                               FOUND in phase2-test-workspace-allfeat.log/home/user/evidence/phase2-test-workspace-allfeat.log
stale                                FOUND in phase2-test-workspace-allfeat.log/home/user/evidence/phase2-test-workspace-allfeat.log
overflow                             FOUND in release-check-final.log/home/user/evidence/release-check-final.log
one_over_cap                         not-found
exceeds_cap                          not-found
zero_headroom                        FOUND in release-check-final.log/home/user/evidence/release-check-final.log
kill                                 FOUND in phase2-test-workspace-allfeat.log/home/user/evidence/phase2-test-workspace-allfeat.log
paused                               not-found
reject                               FOUND in phase11-latency-devnet.log/home/user/evidence/phase11-latency-devnet.log
--- sample negative test result lines from workspace log:
test config::tests::observability_config_rejects_invalid_values ... ok
test config::tests::signing_rejects_duplicate_and_reserved_identities ... ok
test config::tests::signing_rejects_unknown_provider_at_parse_time ... ok
test oms::tests::empty_idempotency_key_is_rejected ... ok
test ownership::tests::same_owner_reclaim_of_active_claim_is_rejected ... ok
test reconciliation::tests::unavailable_external_state_is_inconclusive ... ok
test risk::tests::disabled_module_is_rejected ... ok
test risk::tests::duplicate_symbol_is_rejected ... ok
test risk::tests::insufficient_balance_is_rejected ... ok
test risk::tests::kill_switch_blocks_everything ... ok
test risk::tests::slippage_above_cap_is_rejected ... ok
test state::tests::flag_sync_kill_rules ... ok
test pnl_is_replayable_from_persisted_fills ... ok
test two_contexts_kill_switch_propagates ... ok
--- execute.rs:680-700 context:
    /// Recover the tip amount from a prebuilt transaction by reading its
    /// system-program transfer to a known Jito tip account.
    fn jito_tip_for(&self, built: &BuiltTx) -> u64 {
        for ix in &built.instructions {
            if ix.program_id != *crate::consts::SYSTEM_PROGRAM {
                continue;
            }
            if ix.data.len() < 12 || ix.data[0] != 2 {
                continue; // 2 = Transfer
            }
            let dest = ix.accounts.get(1).map(|m| m.pubkey);
            let lamports = u64::from_le_bytes(ix.data[4..12].try_into().unwrap_or([0; 8]));
            if dest.map(|d| crate::consts::JITO_TIP_ACCOUNTS.contains(&d)) == Some(true) {
                return lamports;
            }
        }
        0
    }

    /// Submit as a Jito bundle. The bundle carries exactly one transaction;
    /// Jito requires the tip transfer to be inside it (see `TxBuilder`).
--- ws.rs:820-845 context:
    let value = result.get("value").unwrap_or(result);
    let data = value
        .get("data")
        .and_then(|d| d.as_array())
        .and_then(|a| a.first())
        .and_then(|s| s.as_str())
        .and_then(|b64| base64::engine::general_purpose::STANDARD.decode(b64).ok())
        .unwrap_or_default();
    WsMessage::Account {
        subscription: server_id.unwrap_or(0),
        pubkey: value
            .get("pubkey")
            .and_then(|p| p.as_str())
            .unwrap_or_default()
            .to_string(),
        lamports: value.get("lamports").and_then(|l| l.as_u64()).unwrap_or(0),
        owner: value
            .get("owner")
            .and_then(|o| o.as_str())
            .unwrap_or_default()
            .to_string(),
        data,
        slot: result.get("slot").and_then(|s| s.as_u64()).unwrap_or(0),
    }
}

--- where is ws lamports field consumed? (grep usages of that struct field):
55:        lamports: u64,
835:        lamports: value.get("lamports").and_then(|l| l.as_u64()).unwrap_or(0),
941:                "lamports": 1234,
951:                lamports,
958:                assert_eq!(lamports, 1234);
--- rpc.rs:620-635 context:
                            solana_transaction_status::option_serializer::OptionSerializer::Some(l),
                        ) => l,
                        _ => Vec::new(),
                    };
                    return Ok(match err {
                        Some(e) => ConfirmOutcome::Failed { error: e, logs },
                        None => ConfirmOutcome::Confirmed {
                            slot: tx.slot,
                            logs,
                            fee: tx.transaction.meta.as_ref().map(|m| m.fee).unwrap_or(0),
                        },
                    });
                }
                Ok(None) => tokio::time::sleep(poll).await,
                Err(e) => {
                    debug!(error = %e, "confirm poll error, will retry");

--- polymarket funding/balance negative test names in source:
/home/user/sniper-suite/crates/module-polymarket/src/collateral.rs:120:    pub async fn balance_of(&self, owner: &str) -> PolyResult<u128> {
/home/user/sniper-suite/crates/module-polymarket/src/collateral.rs:133:    pub async fn decimals(&self) -> PolyResult<u8> {
/home/user/sniper-suite/crates/module-polymarket/src/collateral.rs:142:    pub async fn allowance(&self, owner: &str, spender: &str) -> PolyResult<u128> {
/home/user/sniper-suite/crates/module-polymarket/src/collateral.rs:165:pub fn raw_to_usd(raw: u128, decimals: u8) -> f64 {
/home/user/sniper-suite/crates/module-polymarket/src/collateral.rs:173:pub fn usd_to_raw(usd: f64, decimals: u8) -> PolyResult<u128> {
/home/user/sniper-suite/crates/module-polymarket/src/collateral.rs:197:    fn raw_to_usd_uses_the_given_decimals() {
/home/user/sniper-suite/crates/module-polymarket/src/collateral.rs:290:    async fn balance_of_encodes_call_and_decodes_result() {
/home/user/sniper-suite/crates/module-polymarket/src/collateral.rs:319:    async fn decimals_encodes_call_and_decodes_result() {
/home/user/sniper-suite/crates/module-polymarket/src/collateral.rs:334:    async fn allowance_encodes_both_addresses_and_decodes() {
/home/user/sniper-suite/crates/module-polymarket/src/collateral.rs:403:    async fn decimals_out_of_u8_range_is_an_error() {
--- staking cap negative test names:
/home/user/sniper-suite/programs/staking-suite/tests/validator_e2e.rs:1129:fn validator_e2e_max_supply_cap_and_metadata() {
/home/user/sniper-suite/programs/staking-suite/src/processor.rs:955:fn process_set_paused(
/home/user/sniper-suite/programs/staking-suite/src/processor.rs:1510:    fn validate_params_enforces_caps() {
/home/user/sniper-suite/programs/staking-suite/src/processor.rs:1526:    fn pause_and_unpause_toggle_the_flag() {
/home/user/sniper-suite/programs/staking-suite/src/processor.rs:1574:    fn pause_rejects_a_non_admin() {
/home/user/sniper-suite/programs/staking-suite/src/processor.rs:2381:    fn genesis_rejects_one_over_the_cap() {
/home/user/sniper-suite/programs/staking-suite/src/processor.rs:2392:    fn genesis_allows_minting_exactly_to_the_cap() {
/home/user/sniper-suite/programs/staking-suite/src/processor.rs:2404:    fn genesis_cap_is_measured_against_the_live_mint_supply() {
/home/user/sniper-suite/programs/staking-suite/src/processor.rs:2419:    fn genesis_cap_check_still_requires_admin_first() {
/home/user/sniper-suite/programs/staking-suite/src/processor.rs:2569:    fn claim_mints_full_rewards_while_under_the_cap() {
--- confirm those ran in logs:
test processor::tests::pause_and_unpause_toggle_the_flag ... ok
test processor::tests::pause_rejects_a_non_admin ... ok
--- RBAC/authz negative test names:
/home/user/sniper-suite/crates/server/src/api.rs:168:async fn require_role(
/home/user/sniper-suite/crates/server/src/api.rs:1170:    async fn rbac_roles_gate_mutations() {
/home/user/sniper-suite/crates/server/src/api.rs:1248:    async fn rbac_reads_require_authentication_but_any_role() {
/home/user/sniper-suite/crates/server/src/api.rs:1269:    async fn denied_and_granted_mutations_are_audited() {
test auth::tests::authorize_enforces_the_role_hierarchy ... ok
test auth::tests::role_ordering_and_parsing ... ok
test commands::tests::auth_denied_when_no_allowlist ... ok
test commands::tests::command_role_requirements ... ok
test commands::tests::handle_refuses_insufficient_roles_loudly ... ok
test commands::tests::roles_split_when_owners_configured ... ok
test api::tests::denied_and_granted_mutations_are_audited ... ok
test api::tests::rbac_reads_require_authentication_but_any_role ... ok

--- delivery/ARTIFACTS-NOTE.txt:
sniper-suite 0.1.0 — delivery artifacts note
Produced: 2026-09-18 (packaging sandbox)

ARTIFACTS IN THIS DIRECTORY
  sniper-suite-0.1.0-src.tar.gz   convenience SOURCE SNAPSHOT (secondary artifact)
  SHA256SUMS.txt                  checksum record
  ARTIFACTS-NOTE.txt              this file

SNAPSHOT FACTS
  Files:            170  (frozen software tree 146 @ commit 0e139c3
                          + 23 buyer/delivery docs + scripts/verify-delivery.sh)
  Uncompressed:     3,021,664 bytes
  Archive:          798,886 bytes
  SHA-256:          ca00a02b1689cf6ba5bfd3158f612313a81f51090e03b40c1f80c3fbfb8e6c5f
  Top-level dir:    sniper-suite-0.1.0/
  Integrity checks: verify-delivery.sh 7 PASS / 0 FAIL (run inside the tree
                    before packing); extraction diff -r against the live tree:
                    IDENTICAL (170/170 files); contamination scan (target/,
                    .env, logs, keypairs, dumps): CLEAN.
  Byte integrity:   Rust 2,051,936 B and SQL 23,443 B totals equal the frozen
--- delivery SHA256SUMS.txt verify:
sniper-suite-0.1.0-src.tar.gz: OK
--- WsMessage::Account consumers (does lamports feed any decision?):
/home/user/sniper-suite/crates/module-sniper/src/entry.rs:231:        let sol_in = maths::sol_to_lamports(sized_sol);
/home/user/sniper-suite/crates/module-sniper/src/entry.rs:233:            return Err(BotError::invalid("sized SOL rounds to zero lamports"));
/home/user/sniper-suite/crates/module-sniper/src/entry.rs:258:            .priority_fee(cfg.execution.priority_fee_micro_lamports)
/home/user/sniper-suite/crates/module-sniper/src/entry.rs:261:            req = req.jito_tip(cfg.execution.jito_tip_lamports);
/home/user/sniper-suite/crates/module-sniper/src/entry.rs:313:        let lamports = maths::sol_to_lamports(sized_sol);
(if empty: modules never read ws lamports)
--- cap/genesis/funding negative tests executed? (release-check log = staking host run):
genesis_rejects_one_over_the_cap                     test processor::tests::genesis_rejects_one_over_the_cap ... ok
genesis_allows_minting_exactly_to_the_cap            test processor::tests::genesis_allows_minting_exactly_to_the_cap ... ok
validate_params_enforces_caps                        test processor::tests::validate_params_enforces_caps ... ok
claim_mints_full_rewards_while_under_the_cap         test processor::tests::claim_mints_full_rewards_while_under_the_cap ... ok
decimals_out_of_u8_range_is_an_error                 test collateral::tests::decimals_out_of_u8_range_is_an_error ... ok
rpc_errors_are_errors_never_zero                     test collateral::tests::rpc_errors_are_errors_never_zero ... ok
insufficient_balance_is_rejected                     test risk::tests::insufficient_balance_is_rejected ... ok
--- polymarket funding reject test names in source:
1089:    fn live_mode_rejects_failed_and_missing_reads() {
1115:    fn live_mode_rejects_implausible_reads() {
--- all-features log total:
allfeat passed-sum: 537
0

=== RULE 19: BUYER-HANDOVER PATH (reference resolution inside package) ===
README references checked: 19, unresolvable: 1 ['release-check.sh']
  OK  what/verify        -> README.md
  OK  build              -> docs/BUYER-REPRODUCTION-GUIDE.md
  OK  test               -> docs/BUYER-ACCEPTANCE-TEST.md
  OK  deploy             -> docs/BUYER-DEPLOYMENT.md
  OK  ops start/stop     -> docs/FINAL-OPERATIONS-HANDOVER.md
  OK  recover            -> docs/FINAL-INCIDENT-RUNBOOK.md
  OK  not verified       -> docs/FINAL-KNOWN-LIMITATIONS.md
  OK  program id         -> staking-program/PROGRAM-ID-STATUS.md
  OK  live mode          -> docs/SECURITY-BOUNDARY-MAP.md
--- live-mode two-key ceremony documented in ops handover?
25:paper`, `allow_live_trading = false`.
35:* **Rolling restart of 2 replicas:** safe — ownership leases/fencing tokens
62:* Roles: dedup accelerator, ownership claim fast-path, rate-limit state,
71:restore drill: `pg_restore --no-owner` into a clean DB → verify
--- live_mode_rejects tests executed?
test tests::live_mode_rejects_failed_and_missing_reads ... ok
test tests::live_mode_rejects_implausible_reads ... ok
test tests::live_mode_rejects_failed_and_missing_reads ... ok
--- package README 'release-check.sh' context:
50:**0 failures**; `release-check.sh` 20/20. Your runs are the acceptance
--- ops handover live-mode section:
1:# Final operations handover (day-2 runbook summary)
9:## 1. Startup
25:paper`, `allow_live_trading = false`.
27:## 2. Shutdown / restart
33:* **Restart:** stop → start. State lives in PostgreSQL + JSONL journal;
38:## 3. Health / readiness / observability
42:| `GET /health` | liveness (no dependencies touched) |
49:## 4. Database (PostgreSQL)
60:## 5. Redis
63:  pub/sub hints. **No financial state lives solely in Redis** (design rule;
68:## 6. Backup / restore
77:## 7. Telegram control plane
--- ops handover section 8 area (live enablement):
99:   live-mode re-activation is refused while the kill switch is set.
102: ## 9. Live-mode activation / deactivation
107:    gate — without it, live mode still cannot broadcast).
