=== RULE 3: TEST-EVIDENCE VALIDITY 2026-09-19T08:26:51Z ===
test-influencing files (crates/**, programs/**): 114 in hardening tree
  of those, changed/missing in current tree: 0 []
  Cargo.lock                                 UNCHANGED
  Cargo.toml                                 UNCHANGED
  rust-toolchain.toml                        UNCHANGED
  deny.toml                                  UNCHANGED
  config.toml.example                        UNCHANGED
  Dockerfile                                 UNCHANGED
  docker-compose.yml                         UNCHANGED
  .github/workflows/ci.yml                   UNCHANGED
  scripts/release-check.sh                   UNCHANGED
  scripts/verify-delivery.sh                 UNCHANGED
  migrations (*.sql): 11 files, changed: 0
--- test log existence + recorded totals (grep from logs themselves, not from claims):
workspace log passed-sum: 537
0
workspace log FAILED-lines: 0
test result: FAILED. 0 passed; 3 failed; 0 ignored; 0 measured; 0 filtered out; finished in 504.21s
test result: ok. 23 passed; 0 failed; 0 ignored; 0 measured; 0 filtered out; finished in 7.29s
phase2-staking-clippy.log
phase2-test-workspace-allfeat.log
phase2-test-workspace.log
phase5-capmeta-final.log
phase5-capmeta-fix.log
phase5-capmeta-retry.log
phase5-full-batch.log
phase5-funded-retry.log
phase5-funded-retry2.log
phase5-governance-retry.log
phase5-validator-e2e.log
phase8-6-restored-rerun.log
=== RULE 4: PACKAGE BYTE VERIFICATION (independent, fresh) ===
<stdin>:16: DeprecationWarning: Python 3.14 will, by default, filter extracted tar archives and reject files or modify their metadata. Use the filter argument to control this behavior.
compared 183 paths: missing=0 extra=0 content-mismatch=0 execbit-divergence=3
[('scripts/release-check.sh', False, False, True), ('scripts/staking-identity.sh', False, False, True), ('scripts/verify-delivery.sh', False, False, True)]
provenance JSON vs repo: mismatched=3 missing=0 extra=0
SHA256SUMS: 312 entries, hash-mismatch=0, package-files-not-covered=0 [], phantom-entries=0 []
=== RULE 3/4 END ===
