=== LOG-BY-LOG INVESTIGATION ===
--- phase2-staking-clippy.log (15416 B)
--- phase2-test-workspace-allfeat.log (38985 B)
test result: ok. 128 passed; 0 failed; 0 ignored; 0 measured; 0 filtered out; finished in 0.36s
test result: ok. 23 passed; 0 failed; 0 ignored; 0 measured; 0 filtered out; finished in 7.31s
test result: ok. 4 passed; 0 failed; 0 ignored; 0 measured; 0 filtered out; finished in 0.12s
test result: ok. 10 passed; 0 failed; 0 ignored; 0 measured; 0 filtered out; finished in 5.42s
test result: ok. 2 passed; 0 failed; 0 ignored; 0 measured; 0 filtered out; finished in 0.00s
test result: ok. 7 passed; 0 failed; 0 ignored; 0 measured; 0 filtered out; finished in 0.00s
test result: ok. 1 passed; 0 failed; 0 ignored; 0 measured; 0 filtered out; finished in 0.45s
test result: ok. 2 passed; 0 failed; 0 ignored; 0 measured; 0 filtered out; finished in 1.05s
--- phase2-test-workspace.log (44958 B)
test result: ok. 128 passed; 0 failed; 0 ignored; 0 measured; 0 filtered out; finished in 0.43s
test result: ok. 23 passed; 0 failed; 0 ignored; 0 measured; 0 filtered out; finished in 7.45s
test result: ok. 4 passed; 0 failed; 0 ignored; 0 measured; 0 filtered out; finished in 0.21s
test result: ok. 10 passed; 0 failed; 0 ignored; 0 measured; 0 filtered out; finished in 5.49s
test result: ok. 2 passed; 0 failed; 0 ignored; 0 measured; 0 filtered out; finished in 0.01s
test result: ok. 7 passed; 0 failed; 0 ignored; 0 measured; 0 filtered out; finished in 0.00s
test result: ok. 1 passed; 0 failed; 0 ignored; 0 measured; 0 filtered out; finished in 0.55s
test result: ok. 2 passed; 0 failed; 0 ignored; 0 measured; 0 filtered out; finished in 1.15s
--- phase5-capmeta-final.log (327 B)
test result: ok. 1 passed; 0 failed; 0 ignored; 0 measured; 2 filtered out; finished in 76.43s
--- phase5-capmeta-fix.log (1816 B)
FAILED
test result: FAILED. 0 passed; 1 failed; 0 ignored; 0 measured; 2 filtered out; finished in 4.87s
error: test failed, to rerun pass `--test validator_e2e`
--- phase5-capmeta-retry.log (1652 B)
FAILED
test result: FAILED. 0 passed; 1 failed; 0 ignored; 0 measured; 2 filtered out; finished in 4.23s
error: test failed, to rerun pass `--test validator_e2e`
--- phase5-full-batch.log (432 B)
test result: ok. 3 passed; 0 failed; 0 ignored; 0 measured; 0 filtered out; finished in 160.72s
--- phase5-funded-retry.log (799 B)
FAILED
test result: FAILED. 0 passed; 1 failed; 0 ignored; 0 measured; 2 filtered out; finished in 392.76s
error: test failed, to rerun pass `--test validator_e2e`
--- phase5-funded-retry2.log (797 B)
FAILED
test result: FAILED. 0 passed; 1 failed; 0 ignored; 0 measured; 2 filtered out; finished in 238.87s
error: test failed, to rerun pass `--test validator_e2e`
--- phase5-governance-retry.log (324 B)
test result: ok. 1 passed; 0 failed; 0 ignored; 0 measured; 2 filtered out; finished in 9.87s
--- phase5-validator-e2e.log (18820 B)
FAILED
FAILED
FAILED
test result: FAILED. 0 passed; 3 failed; 0 ignored; 0 measured; 0 filtered out; finished in 504.21s
error: test failed, to rerun pass `--test validator_e2e`
--- phase8-6-restored-rerun.log (1494 B)
test result: ok. 23 passed; 0 failed; 0 ignored; 0 measured; 0 filtered out; finished in 7.29s
--- phase7-identity-verify.log (1269 B)
VERIFY_EXIT=0
VERIFY_EXIT=0
--- release-check-final.log (2351381 B)
test result: ok. 128 passed; 0 failed; 0 ignored; 0 measured; 0 filtered out; finished in 0.36s
test result: ok. 23 passed; 0 failed; 0 ignored; 0 measured; 0 filtered out; finished in 7.36s
test result: ok. 4 passed; 0 failed; 0 ignored; 0 measured; 0 filtered out; finished in 0.16s
test result: ok. 10 passed; 0 failed; 0 ignored; 0 measured; 0 filtered out; finished in 5.43s
test result: ok. 2 passed; 0 failed; 0 ignored; 0 measured; 0 filtered out; finished in 0.01s
test result: ok. 7 passed; 0 failed; 0 ignored; 0 measured; 0 filtered out; finished in 0.00s
test result: ok. 1 passed; 0 failed; 0 ignored; 0 measured; 0 filtered out; finished in 0.46s
test result: ok. 2 passed; 0 failed; 0 ignored; 0 measured; 0 filtered out; finished in 1.07s
--- verify-delivery-final.log (539 B)

=== head/tail of phase2-staking-clippy.log ===
    Checking libc v0.2.189
    Checking cfg-if v1.0.4
    Checking serde_core v1.0.229
    Checking getrandom v0.2.17
    Checking serde v1.0.229
    Checking typenum v1.20.1
    Checking generic-array v0.14.7
    Checking subtle v2.6.1
    Checking rand_core v0.6.4
    Checking crypto-common v0.1.7
    Checking zerocopy v0.8.57
    Checking once_cell v1.21.4
    Checking zeroize v1.8.2
    Checking ppv-lite86 v0.2.21
    Checking block-buffer v0.10.4
[...]
    Checking solana-thin-client v2.3.13
    Checking solana-rpc-client-nonce-utils v2.3.13
    Checking solana-offchain-message v2.2.1
    Checking solana-rent-debits v2.2.1
    Checking solana-system-transaction v2.2.1
    Checking solana-fee-structure v2.3.0
    Checking solana-reserved-account-keys v2.2.2
    Checking solana-nonce-account v2.2.1
    Checking solana-presigner v2.2.1
    Checking solana-compute-budget-interface v2.2.2
    Checking solana-validator-exit v2.2.1
    Checking solana-sdk v2.3.1
    Checking solana-client v2.3.13
    Checking staking-suite v0.1.0 (/home/user/sniper-suite/programs/staking-suite)
    Finished `dev` profile [unoptimized + debuginfo] target(s) in 1m 31s

=== phase5-validator-e2e.log key lines ===
running 3 tests
test result: FAILED. 0 passed; 3 failed; 0 ignored; 0 measured; 0 filtered out; finished in 504.21s
