   Compiling generic-array v0.14.9
   Compiling crypto-common v0.1.6
   Compiling block-buffer v0.10.4
   Compiling digest v0.9.0
   Compiling digest v0.10.7
   Compiling block-buffer v0.9.0
   Compiling sha2 v0.9.9
   Compiling sha2 v0.10.9
   Compiling solana-sha256-hasher v2.3.0
   Compiling curve25519-dalek v4.1.3
   Compiling curve25519-dalek v3.2.0
   Compiling solana-pubkey v2.4.0
   Compiling ed25519-dalek v1.0.1
   Compiling solana-instruction v2.3.3
   Compiling solana-sdk-ids v2.2.1
   Compiling solana-sysvar-id v2.2.1
   Compiling solana-signature v2.3.0
   Compiling solana-transaction-error v2.2.1
   Compiling solana-program-error v2.2.2
   Compiling solana-system-interface v1.0.0
   Compiling solana-epoch-schedule v2.2.1
   Compiling solana-account-info v2.3.0
   Compiling sha3 v0.10.9
   Compiling solana-signer v2.2.1
   Compiling hmac v0.12.1
   Compiling solana-clock v2.2.3
   Compiling solana-serialize-utils v2.2.1
   Compiling solana-cpi v2.2.1
   Compiling solana-slot-hashes v2.2.1
   Compiling solana-instructions-sysvar v2.2.2
   Compiling solana-program-entrypoint v2.3.0
   Compiling solana-rent v2.2.1
   Compiling solana-stake-interface v1.2.1
   Compiling solana-slot-history v2.2.1
   Compiling solana-last-restart-slot v2.2.1
   Compiling solana-epoch-rewards v2.2.1
   Compiling pbkdf2 v0.11.0
   Compiling libsecp256k1-core v0.2.2
   Compiling solana-sysvar v2.3.0
   Compiling solana-seed-phrase v2.2.1
   Compiling solana-bincode v2.2.1
   Compiling solana-message v2.4.0
   Compiling libsecp256k1-gen-ecmult v0.2.1
   Compiling libsecp256k1-gen-genmult v0.2.1
   Compiling crypto-mac v0.8.0
   Compiling hmac v0.8.1
   Compiling libsecp256k1 v0.6.0
   Compiling hmac-drbg v0.3.0
   Compiling solana-account v2.2.1
   Compiling inout v0.1.4
   Compiling cipher v0.4.4
   Compiling universal-hash v0.5.1
   Compiling polyval v0.6.2
   Compiling ctr v0.9.2
   Compiling aes v0.8.4
   Compiling aead v0.5.2
   Compiling aes-gcm-siv v0.11.1
   Compiling tracing v0.1.44
   Compiling solana-vote-interface v2.2.6
   Compiling solana-feature-gate-interface v2.2.2
   Compiling solana-nonce v2.2.1
   Compiling solana-feature-set v2.2.5
   Compiling solana-program-pack v2.2.1
   Compiling spl-discriminator-syn v0.2.1
   Compiling solana-address-lookup-table-interface v2.2.2
   Compiling solana-keccak-hasher v2.2.1
   Compiling spl-discriminator-derive v0.2.0
   Compiling solana-example-mocks v2.2.1
   Compiling solana-secp256k1-recover v2.2.1
   Compiling solana-loader-v4-interface v2.2.1
   Compiling solana-loader-v3-interface v5.0.0
   Compiling solana-loader-v2-interface v2.2.1
   Compiling solana-stable-layout v2.2.1
   Compiling hyper v1.11.1
   Compiling solana-program v2.3.0
   Compiling tower v0.5.3
   Compiling hyper-util v0.1.20
   Compiling solana-secp256r1-program v2.2.4
   Compiling solana-secp256k1-program v2.2.3
   Compiling solana-ed25519-program v2.2.3
   Compiling solana-curve25519 v2.3.13
   Compiling hyper-rustls v0.27.9
   Compiling tower-http v0.6.11
   Compiling solana-precompiles v2.2.2
   Compiling ed25519-dalek-bip32 v0.2.0
   Compiling solana-keypair v2.2.3
   Compiling solana-transaction v2.2.3
   Compiling reqwest v0.12.28
   Compiling solana-zk-sdk v2.3.13
   Compiling agave-feature-set v2.3.13
   Compiling solana-account-decoder-client-types v2.3.13
   Compiling solana-transaction-context v2.3.13
   Compiling spl-pod v0.5.1
   Compiling spl-generic-token v1.0.1
   Compiling solana-transaction-status-client-types v2.3.13
   Compiling regex-automata v0.4.18
   Compiling solana-metrics v2.3.13
   Compiling solana-version v2.3.13
   Compiling spl-discriminator v0.4.1
   Compiling spl-program-error-derive v0.4.1
   Compiling spl-program-error v0.5.0
   Compiling regex v1.13.1
   Compiling solana-rpc-client-types v2.3.13
   Compiling solana-zk-token-sdk v2.3.13
   Compiling spl-type-length-value v0.8.0
   Compiling reqwest-middleware v0.4.2
   Compiling spl-discriminator v0.3.0
   Compiling spl-program-error-derive v0.5.0
   Compiling sha1 v0.10.7
   Compiling ark-serialize v0.4.2
   Compiling spl-program-error v0.7.0
   Compiling solana-rpc-client-api v2.3.13
   Compiling solana-quic-definitions v2.3.1
   Compiling quinn-proto v0.11.18
   Compiling spl-pod v0.3.1
   Compiling spl-type-length-value v0.5.0
   Compiling sqlx-core v0.8.6
   Compiling solana-perf v2.3.13
   Compiling ark-ff v0.4.2
   Compiling hkdf v0.12.4
   Compiling spl-tlv-account-resolution v0.10.0
   Compiling quinn-udp v0.5.15
   Compiling solana-connection-cache v2.3.13
   Compiling spl-token-confidential-transfer-proof-extraction v0.3.0
   Compiling md-5 v0.10.6
   Compiling env_logger v0.9.3
   Compiling sqlx-postgres v0.8.6
   Compiling ark-poly v0.4.2
   Compiling tungstenite v0.20.1
   Compiling spl-elgamal-registry v0.2.0
   Compiling quinn v0.11.12
   Compiling spl-transfer-hook-interface v0.10.0
   Compiling solana-tls-utils v2.3.13
   Compiling solana-transaction-metrics-tracker v2.3.13
   Compiling solana-rpc-client v2.3.13
   Compiling solana-client-traits v2.2.1
   Compiling spl-token-metadata-interface v0.7.0
   Compiling spl-token-group-interface v0.6.0
   Compiling spl-token v8.0.0
   Compiling spl-token-confidential-transfer-ciphertext-arithmetic v0.3.1
   Compiling spl-token-confidential-transfer-proof-generation v0.4.1
   Compiling spl-memo v6.0.0
   Compiling sqlx-macros-core v0.8.6
   Compiling tokio-tungstenite v0.20.1
   Compiling solana-streamer v2.3.13
   Compiling solana-shred-version v2.2.1
   Compiling spl-token-2022 v8.0.1
   Compiling solana-logger v2.3.1
   Compiling ark-ec v0.4.2
   Compiling spl-tlv-account-resolution v0.7.0
   Compiling solana-genesis-config v2.3.0
   Compiling solana-config-program-client v0.0.2
   Compiling spl-transfer-hook-interface v0.7.0
   Compiling ark-bn254 v0.4.0
   Compiling solana-pubsub-client v2.3.13
   Compiling sqlx-macros v0.8.6
   Compiling spl-token-metadata-interface v0.4.0
   Compiling spl-token-group-interface v0.3.0
   Compiling Inflector v0.11.4
   Compiling spl-token v6.0.0
   Compiling spl-memo v5.0.0
   Compiling spl-associated-token-account-client v2.0.0
   Compiling signature v2.2.0
   Compiling solana-epoch-rewards-hasher v2.2.1
   Compiling ed25519 v2.2.3
   Compiling solana-bn254 v2.2.2
   Compiling spl-associated-token-account v7.0.0
   Compiling spl-token-2022 v4.0.1
   Compiling sqlx v0.8.6
   Compiling solana-account-decoder v2.3.13
   Compiling solana-tpu-client v2.3.13
   Compiling solana-quic-client v2.3.13
   Compiling solana-rent-collector v2.3.0
   Compiling solana-udp-client v2.3.13
   Compiling solana-thin-client v2.3.13
   Compiling solana-rpc-client-nonce-utils v2.3.13
   Compiling tungstenite v0.24.0
   Compiling solana-offchain-message v2.2.1
   Compiling agave-reserved-account-keys v2.3.13
   Compiling solana-rent-debits v2.2.1
   Compiling solana-system-transaction v2.2.1
   Compiling solana-reserved-account-keys v2.2.2
   Compiling solana-fee-structure v2.3.0
   Compiling solana-nonce-account v2.2.1
   Compiling solana-presigner v2.2.1
   Compiling solana-compute-budget-interface v2.2.2
   Compiling spl-associated-token-account v4.0.0
   Compiling solana-sdk v2.3.1
   Compiling tokio-tungstenite v0.24.0
   Compiling solana-transaction-status v2.3.13
   Compiling solana-client v2.3.13
   Compiling bot-core v0.1.0 (/home/user/sniper-suite/crates/core)
   Compiling ed25519-dalek v2.2.0
   Compiling solana-kit v0.1.0 (/home/user/sniper-suite/crates/solana-kit)
    Finished `test` profile [unoptimized + debuginfo] target(s) in 1m 23s
     Running tests/latency_bench.rs (target/debug/deps/latency_bench-19b8ed4229af922a)

running 5 tests
test fanout_wins_on_the_healthy_fallback_when_primary_rejects ... ok
test hot_path_rpc_latency_percentiles ... LATENCY getSlot: n=30 p50=65ms p95=211ms max=10269ms
LATENCY getLatestBlockhash: n=30 p50=65ms p95=67ms max=10278ms
ok
test landing_rate_sequential_vs_fanout ... SKIP landing_rate: set E2E_NETWORK=1 E2E_LIVE=1 to run (broadcasts valueless self-transfers)
ok
test simulate_round_trip_latency ... LATENCY simulateTransaction: n=10 p50=66ms p95=275ms max=275ms clean_verdicts=0/10 (unfunded wallet: fee errors expected)
ok
test warm_cache_serves_hot_path_reads_offline ... ok

test result: ok. 5 passed; 0 failed; 0 ignored; 0 measured; 0 filtered out; finished in 27.63s

