=== staking-identity.sh verify — final handover pass 2026-09-19T07:28:49Z ===
[identity] declared program id (source of truth): 3vEEMMFmdA88n8ApgZ3b9L3BXEh75yCeMbHbmUjR9mfy
[identity] STATUS: this is the documented PRE-DEPLOYMENT PLACEHOLDER.
[identity]         Generate the final program keypair, then run:
[identity]         scripts/staking-identity.sh set-id <program-keypair.json>
  OK    README.md quotes the declared id
  OK    docs/BUYER-DUE-DILIGENCE.md quotes the declared id
  OK    docs/STAKING.md quotes the declared id
[identity] verify: all tracked references agree.
VERIFY_EXIT=0

=== RE-RUN after defect fix (TRACKED_FILES + stale-sweep exclusion) 2026-09-19T07:30:19Z ===
[identity] declared program id (source of truth): 3vEEMMFmdA88n8ApgZ3b9L3BXEh75yCeMbHbmUjR9mfy
[identity] STATUS: this is the documented PRE-DEPLOYMENT PLACEHOLDER.
[identity]         Generate the final program keypair, then run:
[identity]         scripts/staking-identity.sh set-id <program-keypair.json>
  OK    README.md quotes the declared id
  OK    docs/BUYER-DUE-DILIGENCE.md quotes the declared id
  OK    docs/STAKING.md quotes the declared id
  OK    docs/BUYER-ACCEPTANCE-TEST.md quotes the declared id
[identity] verify: all tracked references agree.
VERIFY_EXIT=0
